Archive member included to satisfy reference by file (symbol)

c:/rpp/gcc-arm-none-eabi/bin/../lib/gcc/arm-none-eabi/10.3.1/thumb/v6-m/nofp\libgcc.a(_dvmd_tls.o)
                              CMakeFiles/as608_fingerprint.dir/C_/RPP/pico-sdk/src/rp2_common/pico_divider/divider.S.obj (__aeabi_idiv0)
c:/rpp/gcc-arm-none-eabi/bin/../lib/gcc/arm-none-eabi/10.3.1/../../../../arm-none-eabi/lib/thumb/v6-m/nofp\libg.a(lib_a-calloc.o)
                              CMakeFiles/as608_fingerprint.dir/C_/RPP/pico-sdk/src/rp2_common/pico_malloc/pico_malloc.c.obj (calloc)
c:/rpp/gcc-arm-none-eabi/bin/../lib/gcc/arm-none-eabi/10.3.1/../../../../arm-none-eabi/lib/thumb/v6-m/nofp\libg.a(lib_a-callocr.o)
                              c:/rpp/gcc-arm-none-eabi/bin/../lib/gcc/arm-none-eabi/10.3.1/../../../../arm-none-eabi/lib/thumb/v6-m/nofp\libg.a(lib_a-calloc.o) (_calloc_r)
c:/rpp/gcc-arm-none-eabi/bin/../lib/gcc/arm-none-eabi/10.3.1/../../../../arm-none-eabi/lib/thumb/v6-m/nofp\libg.a(lib_a-errno.o)
                              c:/rpp/gcc-arm-none-eabi/bin/../lib/gcc/arm-none-eabi/10.3.1/../../../../arm-none-eabi/lib/thumb/v6-m/nofp\libg.a(lib_a-callocr.o) (__errno)
c:/rpp/gcc-arm-none-eabi/bin/../lib/gcc/arm-none-eabi/10.3.1/../../../../arm-none-eabi/lib/thumb/v6-m/nofp\libg.a(lib_a-impure.o)
                              c:/rpp/gcc-arm-none-eabi/bin/../lib/gcc/arm-none-eabi/10.3.1/../../../../arm-none-eabi/lib/thumb/v6-m/nofp\libg.a(lib_a-calloc.o) (_impure_ptr)
c:/rpp/gcc-arm-none-eabi/bin/../lib/gcc/arm-none-eabi/10.3.1/../../../../arm-none-eabi/lib/thumb/v6-m/nofp\libg.a(lib_a-init.o)
                              c:/rpp/gcc-arm-none-eabi/bin/../lib/gcc/arm-none-eabi/10.3.1/../../../../arm-none-eabi/lib/thumb/v6-m/nofp/crt0.o (__libc_init_array)
c:/rpp/gcc-arm-none-eabi/bin/../lib/gcc/arm-none-eabi/10.3.1/../../../../arm-none-eabi/lib/thumb/v6-m/nofp\libg.a(lib_a-malloc.o)
                              CMakeFiles/as608_fingerprint.dir/C_/RPP/pico-sdk/src/rp2_common/pico_malloc/pico_malloc.c.obj (malloc)
c:/rpp/gcc-arm-none-eabi/bin/../lib/gcc/arm-none-eabi/10.3.1/../../../../arm-none-eabi/lib/thumb/v6-m/nofp\libg.a(lib_a-mallocr.o)
                              c:/rpp/gcc-arm-none-eabi/bin/../lib/gcc/arm-none-eabi/10.3.1/../../../../arm-none-eabi/lib/thumb/v6-m/nofp\libg.a(lib_a-callocr.o) (_malloc_r)
c:/rpp/gcc-arm-none-eabi/bin/../lib/gcc/arm-none-eabi/10.3.1/../../../../arm-none-eabi/lib/thumb/v6-m/nofp\libg.a(lib_a-mlock.o)
                              c:/rpp/gcc-arm-none-eabi/bin/../lib/gcc/arm-none-eabi/10.3.1/../../../../arm-none-eabi/lib/thumb/v6-m/nofp\libg.a(lib_a-mallocr.o) (__malloc_lock)
c:/rpp/gcc-arm-none-eabi/bin/../lib/gcc/arm-none-eabi/10.3.1/../../../../arm-none-eabi/lib/thumb/v6-m/nofp\libg.a(lib_a-realloc.o)
                              CMakeFiles/as608_fingerprint.dir/C_/RPP/pico-sdk/src/rp2_common/pico_malloc/pico_malloc.c.obj (realloc)
c:/rpp/gcc-arm-none-eabi/bin/../lib/gcc/arm-none-eabi/10.3.1/../../../../arm-none-eabi/lib/thumb/v6-m/nofp\libg.a(lib_a-reallocr.o)
                              c:/rpp/gcc-arm-none-eabi/bin/../lib/gcc/arm-none-eabi/10.3.1/../../../../arm-none-eabi/lib/thumb/v6-m/nofp\libg.a(lib_a-realloc.o) (_realloc_r)
c:/rpp/gcc-arm-none-eabi/bin/../lib/gcc/arm-none-eabi/10.3.1/../../../../arm-none-eabi/lib/thumb/v6-m/nofp\libg.a(lib_a-sbrkr.o)
                              c:/rpp/gcc-arm-none-eabi/bin/../lib/gcc/arm-none-eabi/10.3.1/../../../../arm-none-eabi/lib/thumb/v6-m/nofp\libg.a(lib_a-mallocr.o) (_sbrk_r)
c:/rpp/gcc-arm-none-eabi/bin/../lib/gcc/arm-none-eabi/10.3.1/../../../../arm-none-eabi/lib/thumb/v6-m/nofp\libg.a(lib_a-strcpy.o)
                              CMakeFiles/as608_fingerprint.dir/main.c.obj (strcpy)
c:/rpp/gcc-arm-none-eabi/bin/../lib/gcc/arm-none-eabi/10.3.1/../../../../arm-none-eabi/lib/thumb/v6-m/nofp\libg.a(lib_a-strlen-stub.o)
                              CMakeFiles/as608_fingerprint.dir/C_/RPP/pico-sdk/src/rp2_common/pico_stdio/stdio.c.obj (strlen)
c:/rpp/gcc-arm-none-eabi/bin/../lib/gcc/arm-none-eabi/10.3.1/../../../../arm-none-eabi/lib/thumb/v6-m/nofp\libg.a(lib_a-freer.o)
                              c:/rpp/gcc-arm-none-eabi/bin/../lib/gcc/arm-none-eabi/10.3.1/../../../../arm-none-eabi/lib/thumb/v6-m/nofp\libg.a(lib_a-malloc.o) (_free_r)
c:/rpp/gcc-arm-none-eabi/bin/../lib/gcc/arm-none-eabi/10.3.1/../../../../arm-none-eabi/lib/thumb/v6-m/nofp\libg.a(lib_a-lock.o)
                              c:/rpp/gcc-arm-none-eabi/bin/../lib/gcc/arm-none-eabi/10.3.1/../../../../arm-none-eabi/lib/thumb/v6-m/nofp\libg.a(lib_a-mlock.o) (__retarget_lock_acquire_recursive)
c:/rpp/gcc-arm-none-eabi/bin/../lib/gcc/arm-none-eabi/10.3.1/../../../../arm-none-eabi/lib/thumb/v6-m/nofp\libg.a(lib_a-memmove.o)
                              c:/rpp/gcc-arm-none-eabi/bin/../lib/gcc/arm-none-eabi/10.3.1/../../../../arm-none-eabi/lib/thumb/v6-m/nofp\libg.a(lib_a-reallocr.o) (memmove)
[...]
Memory Configuration

Name             Origin             Length             Attributes
FLASH            0x10000000         0x00200000         xr
RAM              0x20000000         0x00040000         xrw
SCRATCH_X        0x20040000         0x00001000         xrw
SCRATCH_Y        0x20041000         0x00001000         xrw
*default*        0x00000000         0xffffffff

Linker script and memory map

LOAD c:/rpp/gcc-arm-none-eabi/bin/../lib/gcc/arm-none-eabi/10.3.1/thumb/v6-m/nofp/crti.o
LOAD c:/rpp/gcc-arm-none-eabi/bin/../lib/gcc/arm-none-eabi/10.3.1/thumb/v6-m/nofp/crtbegin.o
LOAD c:/rpp/gcc-arm-none-eabi/bin/../lib/gcc/arm-none-eabi/10.3.1/../../../../arm-none-eabi/lib/thumb/v6-m/nofp/crt0.o

.flash_begin    0x10000000        0x0
                0x10000000                __flash_binary_start = .

.boot2          0x10000000      0x100
                0x10000000                __boot2_start__ = .
 *(.boot2)
 .boot2         0x10000000      0x100 C:\Users\Salomon\AppData\Local\Temp\ccIb6WzJ.o
                0x10000100                __boot2_end__ = .
                0x00000001                ASSERT (((__boot2_end__ - __boot2_start__) == 0x100), ERROR: Pico second stage bootloader must be 256 bytes in size)

.text           0x10000100     0x8890
                0x10000100                __logical_binary_start = .
 *(.vectors)
 .vectors       0x10000100       0xd4 CMakeFiles/as608_fingerprint.dir/C_/RPP/pico-sdk/src/rp2_common/pico_standard_link/crt0.S.obj
                0x10000100                __VECTOR_TABLE
                0x10000100                __vectors
                0x100001c0                isr_invalid
                0x100001c0                __default_isrs_start
                0x100001c2                isr_nmi
                0x100001c4                isr_hardfault
                0x100001c6                isr_svcall
                0x100001c8                isr_pendsv
                0x100001ca                isr_systick
                0x100001cc                isr_irq23
                0x100001cc                isr_irq18
                0x100001cc                isr_irq11
                0x100001cc                isr_irq28
                0x100001cc                isr_irq19
                0x100001cc                isr_irq0
                0x100001cc                isr_irq6
                0x100001cc                isr_irq5
                0x100001cc                isr_irq12
                0x100001cc                isr_irq22
                0x100001cc                isr_irq31
                0x100001cc                isr_irq17
                0x100001cc                isr_irq27
                0x100001cc                isr_irq30
                0x100001cc                isr_irq2
                0x100001cc                isr_irq10
                0x100001cc                isr_irq8
                0x100001cc                isr_irq24
                0x100001cc                isr_irq1
                0x100001cc                isr_irq7
                0x100001cc                isr_irq21
                0x100001cc                isr_irq20
                0x100001cc                isr_irq15
                0x100001cc                isr_irq25
                0x100001cc                isr_irq13
                0x100001cc                __unhandled_user_irq
                0x100001cc                isr_irq4
                0x100001cc                isr_irq16
                0x100001cc                isr_irq29
                0x100001cc                isr_irq26
                0x100001cc                __default_isrs_end
                0x100001cc                isr_irq3
                0x100001cc                isr_irq14
                0x100001cc                isr_irq9
                0x100001d2                unhandled_user_irq_num_in_r0
 *(.binary_info_header)
 .binary_info_header
                0x100001d4       0x14 CMakeFiles/as608_fingerprint.dir/C_/RPP/pico-sdk/src/rp2_common/pico_standard_link/crt0.S.obj
                0x100001e8                __binary_info_header_end = .
 *(.reset)
 .reset         0x100001e8       0xa0 CMakeFiles/as608_fingerprint.dir/C_/RPP/pico-sdk/src/rp2_common/pico_standard_link/crt0.S.obj
                0x100001e8                _entry_point
 .reset         0x10000288       0x30 CMakeFiles/as608_fingerprint.dir/C_/RPP/pico-sdk/src/rp2_common/pico_standard_link/binary_info.c.obj
 *(.init)
 .init          0x100002b8        0x4 c:/rpp/gcc-arm-none-eabi/bin/../lib/gcc/arm-none-eabi/10.3.1/thumb/v6-m/nofp/crti.o
                0x100002b8                _init
 *(EXCLUDE_FILE(*libm.a: *libc.a:*lib_a-mem*.o *libgcc.a:) .text*)
 .text          0x100002bc       0x48 c:/rpp/gcc-arm-none-eabi/bin/../lib/gcc/arm-none-eabi/10.3.1/thumb/v6-m/nofp/crtbegin.o
 .text.keyboardCallback
                0x10000304       0x7c CMakeFiles/as608_fingerprint.dir/main.c.obj
                0x10000304                keyboardCallback
 .text.pwmIRQ   0x10000380       0x6c CMakeFiles/as608_fingerprint.dir/main.c.obj
                0x10000380                pwmIRQ
 .text.insertKey
                0x100003ec       0x18 CMakeFiles/as608_fingerprint.dir/main.c.obj
                0x100003ec                insertKey
 .text.insertPswd
                0x10000404       0x50 CMakeFiles/as608_fingerprint.dir/main.c.obj
                0x10000404                insertPswd
 .text.keyDecode
                0x10000454       0x58 CMakeFiles/as608_fingerprint.dir/main.c.obj
                0x10000454                keyDecode
 .text.checkID  0x100004ac       0x40 CMakeFiles/as608_fingerprint.dir/main.c.obj
                0x100004ac                checkID
 .text.checkIDlector
                0x100004ec       0x40 CMakeFiles/as608_fingerprint.dir/main.c.obj
                0x100004ec                checkIDlector
 .text.checkPSW2
                0x1000052c       0x58 CMakeFiles/as608_fingerprint.dir/main.c.obj
                0x1000052c                checkPSW2
 .text.initPWMasPIT
                0x10000584       0xd8 CMakeFiles/as608_fingerprint.dir/main.c.obj
                0x10000584                initPWMasPIT
 .text.initMatrixKeyboard4x4
                0x1000065c       0x90 CMakeFiles/as608_fingerprint.dir/main.c.obj
                0x1000065c                initMatrixKeyboard4x4
 .text.main     0x100006ec      0xc78 CMakeFiles/as608_fingerprint.dir/main.c.obj
                0x100006ec                main
 .text.as608_init
                0x10001364       0x30 CMakeFiles/as608_fingerprint.dir/as608.c.obj
                0x10001364                as608_init
 .text.as608_send_command
                0x10001394       0x94 CMakeFiles/as608_fingerprint.dir/as608.c.obj
                0x10001394                as608_send_command
 .text.as608_read_response
                0x10001428      0x118 CMakeFiles/as608_fingerprint.dir/as608.c.obj
                0x10001428                as608_read_response
 .text.as608_get_image
                0x10001540       0x28 CMakeFiles/as608_fingerprint.dir/as608.c.obj
                0x10001540                as608_get_image
 .text.as608_image_to_template
                0x10001568       0x42 CMakeFiles/as608_fingerprint.dir/as608.c.obj
                0x10001568                as608_image_to_template
 *fill*         0x100015aa        0x2 
 .text.as608_create_model
                0x100015ac       0x28 CMakeFiles/as608_fingerprint.dir/as608.c.obj
                0x100015ac                as608_create_model
 .text.as608_store_model
                0x100015d4       0x52 CMakeFiles/as608_fingerprint.dir/as608.c.obj
                0x100015d4                as608_store_model
 *fill*         0x10001626        0x2 
 .text.as608_search_model
                0x10001628       0x58 CMakeFiles/as608_fingerprint.dir/as608.c.obj
                0x10001628                as608_search_model
 .text.as608_delete_model
                0x10001680       0x64 CMakeFiles/as608_fingerprint.dir/as608.c.obj
                0x10001680                as608_delete_model
 .text.as608_empty_database
                0x100016e4       0x28 CMakeFiles/as608_fingerprint.dir/as608.c.obj
                0x100016e4                as608_empty_database
 .text.i2c_write_byte
                0x1000170c       0x20 CMakeFiles/as608_fingerprint.dir/lcd_i2c_16x2.c.obj
                0x1000170c                i2c_write_byte
 .text.lcd_toggle_enable
                0x1000172c       0x38 CMakeFiles/as608_fingerprint.dir/lcd_i2c_16x2.c.obj
                0x1000172c                lcd_toggle_enable
 .text.lcd_send_byte
                0x10001764       0x38 CMakeFiles/as608_fingerprint.dir/lcd_i2c_16x2.c.obj
                0x10001764                lcd_send_byte
 .text.lcd_clear
                0x1000179c        0xc CMakeFiles/as608_fingerprint.dir/lcd_i2c_16x2.c.obj
                0x1000179c                lcd_clear
 .text.lcd_set_cursor
                0x100017a8       0x1a CMakeFiles/as608_fingerprint.dir/lcd_i2c_16x2.c.obj
                0x100017a8                lcd_set_cursor
 .text.lcd_init
                0x100017c2       0x40 CMakeFiles/as608_fingerprint.dir/lcd_i2c_16x2.c.obj
                0x100017c2                lcd_init
 *fill*         0x10001802        0x2 
 .text.initVar  0x10001804       0x74 CMakeFiles/as608_fingerprint.dir/lcd_i2c_16x2.c.obj
                0x10001804                initVar
 .text.rele_init
                0x10001878       0x16 CMakeFiles/as608_fingerprint.dir/cerradura.c.obj
                0x10001878                rele_init
 .text.encender_rele
                0x1000188e        0xc CMakeFiles/as608_fingerprint.dir/cerradura.c.obj
                0x1000188e                encender_rele
 .text.apagar_rele
                0x1000189a        0xc CMakeFiles/as608_fingerprint.dir/cerradura.c.obj
                0x1000189a                apagar_rele
 *fill*         0x100018a6        0x2 
 .text.gpio_set_function
                0x100018a8       0x30 CMakeFiles/as608_fingerprint.dir/C_/RPP/pico-sdk/src/rp2_common/hardware_gpio/gpio.c.obj
                0x100018a8                gpio_set_function
 .text.gpio_set_pulls
                0x100018d8       0x34 CMakeFiles/as608_fingerprint.dir/C_/RPP/pico-sdk/src/rp2_common/hardware_gpio/gpio.c.obj
                0x100018d8                gpio_set_pulls
 .text.gpio_set_irq_callback
                0x1000190c       0x48 CMakeFiles/as608_fingerprint.dir/C_/RPP/pico-sdk/src/rp2_common/hardware_gpio/gpio.c.obj
                0x1000190c                gpio_set_irq_callback
 .text.gpio_acknowledge_irq
                0x10001954       0x18 CMakeFiles/as608_fingerprint.dir/C_/RPP/pico-sdk/src/rp2_common/hardware_gpio/gpio.c.obj
                0x10001954                gpio_acknowledge_irq
 .text._gpio_set_irq_enabled
                0x1000196c       0x34 CMakeFiles/as608_fingerprint.dir/C_/RPP/pico-sdk/src/rp2_common/hardware_gpio/gpio.c.obj
 .text.gpio_set_irq_enabled
                0x100019a0       0x20 CMakeFiles/as608_fingerprint.dir/C_/RPP/pico-sdk/src/rp2_common/hardware_gpio/gpio.c.obj
                0x100019a0                gpio_set_irq_enabled
 .text.gpio_set_irq_enabled_with_callback
                0x100019c0       0x20 CMakeFiles/as608_fingerprint.dir/C_/RPP/pico-sdk/src/rp2_common/hardware_gpio/gpio.c.obj
                0x100019c0                gpio_set_irq_enabled_with_callback
 .text.gpio_default_irq_handler
                0x100019e0       0x98 CMakeFiles/as608_fingerprint.dir/C_/RPP/pico-sdk/src/rp2_common/hardware_gpio/gpio.c.obj
 .text.gpio_init
                0x10001a78       0x16 CMakeFiles/as608_fingerprint.dir/C_/RPP/pico-sdk/src/rp2_common/hardware_gpio/gpio.c.obj
                0x10001a78                gpio_init
 *fill*         0x10001a8e        0x2 
 .text.running_on_fpga
                0x10001a90       0x14 CMakeFiles/as608_fingerprint.dir/C_/RPP/pico-sdk/src/rp2_common/pico_platform/platform.c.obj
                0x10001a90                running_on_fpga
 .text.hw_claim_lock
                0x10001aa4       0x18 CMakeFiles/as608_fingerprint.dir/C_/RPP/pico-sdk/src/rp2_common/hardware_claim/claim.c.obj
                0x10001aa4                hw_claim_lock
 .text.hw_claim_unlock
                0x10001abc       0x14 CMakeFiles/as608_fingerprint.dir/C_/RPP/pico-sdk/src/rp2_common/hardware_claim/claim.c.obj
                0x10001abc                hw_claim_unlock
 .text.hw_claim_or_assert
                0x10001ad0       0x32 CMakeFiles/as608_fingerprint.dir/C_/RPP/pico-sdk/src/rp2_common/hardware_claim/claim.c.obj
                0x10001ad0                hw_claim_or_assert
 .text.hw_claim_unused_from_range
                0x10001b02       0x50 CMakeFiles/as608_fingerprint.dir/C_/RPP/pico-sdk/src/rp2_common/hardware_claim/claim.c.obj
                0x10001b02                hw_claim_unused_from_range
 *fill*         0x10001b52        0x2 
 .text.spin_locks_reset
                0x10001b54       0x20 CMakeFiles/as608_fingerprint.dir/C_/RPP/pico-sdk/src/rp2_common/hardware_sync/sync.c.obj
                0x10001b54                spin_locks_reset
 .text.next_striped_spin_lock_num
                0x10001b74       0x1c CMakeFiles/as608_fingerprint.dir/C_/RPP/pico-sdk/src/rp2_common/hardware_sync/sync.c.obj
                0x10001b74                next_striped_spin_lock_num
 .text.spin_lock_claim_unused
                0x10001b90       0x20 CMakeFiles/as608_fingerprint.dir/C_/RPP/pico-sdk/src/rp2_common/hardware_sync/sync.c.obj
                0x10001b90                spin_lock_claim_unused
 .text.set_raw_irq_handler_and_unlock
                0x10001bb0       0x28 CMakeFiles/as608_fingerprint.dir/C_/RPP/pico-sdk/src/rp2_common/hardware_irq/irq.c.obj
 .text.make_branch
                0x10001bd8       0x48 CMakeFiles/as608_fingerprint.dir/C_/RPP/pico-sdk/src/rp2_common/hardware_irq/irq.c.obj
 .text.insert_branch_and_link
                0x10001c20       0x40 CMakeFiles/as608_fingerprint.dir/C_/RPP/pico-sdk/src/rp2_common/hardware_irq/irq.c.obj
 .text.irq_is_enabled
                0x10001c60       0x18 CMakeFiles/as608_fingerprint.dir/C_/RPP/pico-sdk/src/rp2_common/hardware_irq/irq.c.obj
                0x10001c60                irq_is_enabled
 .text.irq_set_mask_enabled
                0x10001c78       0x20 CMakeFiles/as608_fingerprint.dir/C_/RPP/pico-sdk/src/rp2_common/hardware_irq/irq.c.obj
                0x10001c78                irq_set_mask_enabled
 .text.irq_set_enabled
                0x10001c98        0xe CMakeFiles/as608_fingerprint.dir/C_/RPP/pico-sdk/src/rp2_common/hardware_irq/irq.c.obj
                0x10001c98                irq_set_enabled
 *fill*         0x10001ca6        0x2 
 .text.irq_set_pending
                0x10001ca8       0x10 CMakeFiles/as608_fingerprint.dir/C_/RPP/pico-sdk/src/rp2_common/hardware_irq/irq.c.obj
                0x10001ca8                irq_set_pending
 .text.irq_get_vtable_handler
                0x10001cb8       0x10 CMakeFiles/as608_fingerprint.dir/C_/RPP/pico-sdk/src/rp2_common/hardware_irq/irq.c.obj
                0x10001cb8                irq_get_vtable_handler
 .text.irq_has_shared_handler
                0x10001cc8       0x24 CMakeFiles/as608_fingerprint.dir/C_/RPP/pico-sdk/src/rp2_common/hardware_irq/irq.c.obj
                0x10001cc8                irq_has_shared_handler
 .text.irq_set_exclusive_handler
                0x10001cec       0x54 CMakeFiles/as608_fingerprint.dir/C_/RPP/pico-sdk/src/rp2_common/hardware_irq/irq.c.obj
                0x10001cec                irq_set_exclusive_handler
 .text.irq_add_shared_handler
                0x10001d40      0x234 CMakeFiles/as608_fingerprint.dir/C_/RPP/pico-sdk/src/rp2_common/hardware_irq/irq.c.obj
                0x10001d40                irq_add_shared_handler
 .text.irq_remove_handler
                0x10001f74      0x1ac CMakeFiles/as608_fingerprint.dir/C_/RPP/pico-sdk/src/rp2_common/hardware_irq/irq.c.obj
                0x10001f74                irq_remove_handler
 .text.irq_set_priority
                0x10002120       0x28 CMakeFiles/as608_fingerprint.dir/C_/RPP/pico-sdk/src/rp2_common/hardware_irq/irq.c.obj
                0x10002120                irq_set_priority
 .text.irq_add_tail_to_free_list
                0x10002148       0xf0 CMakeFiles/as608_fingerprint.dir/C_/RPP/pico-sdk/src/rp2_common/hardware_irq/irq.c.obj
                0x10002148                irq_add_tail_to_free_list
 .text.irq_init_priorities
                0x10002238       0x1c CMakeFiles/as608_fingerprint.dir/C_/RPP/pico-sdk/src/rp2_common/hardware_irq/irq.c.obj
                0x10002238                irq_init_priorities
 .text.user_irq_claim_unused
                0x10002254       0x28 CMakeFiles/as608_fingerprint.dir/C_/RPP/pico-sdk/src/rp2_common/hardware_irq/irq.c.obj
                0x10002254                user_irq_claim_unused
 .text.lock_init
                0x1000227c       0x10 CMakeFiles/as608_fingerprint.dir/C_/RPP/pico-sdk/src/common/pico_sync/lock_core.c.obj
                0x1000227c                lock_init
 .text.mutex_init
                0x1000228c       0x1a CMakeFiles/as608_fingerprint.dir/C_/RPP/pico-sdk/src/common/pico_sync/mutex.c.obj
                0x1000228c                mutex_init
 .text.recursive_mutex_init
                0x100022a6       0x1e CMakeFiles/as608_fingerprint.dir/C_/RPP/pico-sdk/src/common/pico_sync/mutex.c.obj
                0x100022a6                recursive_mutex_init
 .text.critical_section_init_with_lock_num
                0x100022c4       0x14 CMakeFiles/as608_fingerprint.dir/C_/RPP/pico-sdk/src/common/pico_sync/critical_section.c.obj
                0x100022c4                critical_section_init_with_lock_num
 .text.critical_section_init
                0x100022d8       0x14 CMakeFiles/as608_fingerprint.dir/C_/RPP/pico-sdk/src/common/pico_sync/critical_section.c.obj
                0x100022d8                critical_section_init
 .text.alarm_pool_post_alloc_init
                0x100022ec       0x40 CMakeFiles/as608_fingerprint.dir/C_/RPP/pico-sdk/src/common/pico_time/time.c.obj
 .text.sleep_until_callback
                0x1000232c       0x30 CMakeFiles/as608_fingerprint.dir/C_/RPP/pico-sdk/src/common/pico_time/time.c.obj
 .text.timer_pool_entry_comparator
                0x1000235c       0x7c CMakeFiles/as608_fingerprint.dir/C_/RPP/pico-sdk/src/common/pico_time/time.c.obj
                0x1000235c                timer_pool_entry_comparator
 .text.ph_add_child_node
                0x100023d8       0xa4 CMakeFiles/as608_fingerprint.dir/C_/RPP/pico-sdk/src/common/pico_time/time.c.obj
 .text.ph_merge_nodes
                0x1000247c       0x3e CMakeFiles/as608_fingerprint.dir/C_/RPP/pico-sdk/src/common/pico_time/time.c.obj
 *fill*         0x100024ba        0x2 
 .text.add_alarm_under_lock
                0x100024bc      0x174 CMakeFiles/as608_fingerprint.dir/C_/RPP/pico-sdk/src/common/pico_time/time.c.obj
 .text.alarm_pool_alarm_callback
                0x10002630      0x33c CMakeFiles/as608_fingerprint.dir/C_/RPP/pico-sdk/src/common/pico_time/time.c.obj
 .text.alarm_pool_init_default
                0x1000296c       0x40 CMakeFiles/as608_fingerprint.dir/C_/RPP/pico-sdk/src/common/pico_time/time.c.obj
                0x1000296c                alarm_pool_init_default
 .text.alarm_pool_get_default
                0x100029ac       0x2c CMakeFiles/as608_fingerprint.dir/C_/RPP/pico-sdk/src/common/pico_time/time.c.obj
                0x100029ac                alarm_pool_get_default
 .text.alarm_pool_add_alarm_at
                0x100029d8      0x168 CMakeFiles/as608_fingerprint.dir/C_/RPP/pico-sdk/src/common/pico_time/time.c.obj
                0x100029d8                alarm_pool_add_alarm_at
 .text.alarm_pool_cancel_alarm
                0x10002b40       0xf8 CMakeFiles/as608_fingerprint.dir/C_/RPP/pico-sdk/src/common/pico_time/time.c.obj
                0x10002b40                alarm_pool_cancel_alarm
 .text.alarm_pool_core_num
                0x10002c38        0x4 CMakeFiles/as608_fingerprint.dir/C_/RPP/pico-sdk/src/common/pico_time/time.c.obj
                0x10002c38                alarm_pool_core_num
 .text.sleep_until
                0x10002c3c       0xfc CMakeFiles/as608_fingerprint.dir/C_/RPP/pico-sdk/src/common/pico_time/time.c.obj
                0x10002c3c                sleep_until
 .text.sleep_us
                0x10002d38       0x58 CMakeFiles/as608_fingerprint.dir/C_/RPP/pico-sdk/src/common/pico_time/time.c.obj
                0x10002d38                sleep_us
 .text.sleep_ms
                0x10002d90       0x14 CMakeFiles/as608_fingerprint.dir/C_/RPP/pico-sdk/src/common/pico_time/time.c.obj
                0x10002d90                sleep_ms
 .text.best_effort_wfe_or_timeout
                0x10002da4       0xac CMakeFiles/as608_fingerprint.dir/C_/RPP/pico-sdk/src/common/pico_time/time.c.obj
                0x10002da4                best_effort_wfe_or_timeout
 .text.hardware_alarm_irq_handler
                0x10002e50       0x90 CMakeFiles/as608_fingerprint.dir/C_/RPP/pico-sdk/src/rp2_common/hardware_timer/timer.c.obj
 .text.hardware_alarm_claim
                0x10002ee0       0x18 CMakeFiles/as608_fingerprint.dir/C_/RPP/pico-sdk/src/rp2_common/hardware_timer/timer.c.obj
                0x10002ee0                hardware_alarm_claim
 .text.time_us_64
                0x10002ef8       0x18 CMakeFiles/as608_fingerprint.dir/C_/RPP/pico-sdk/src/rp2_common/hardware_timer/timer.c.obj
                0x10002ef8                time_us_64
 .text.busy_wait_until
                0x10002f10       0x28 CMakeFiles/as608_fingerprint.dir/C_/RPP/pico-sdk/src/rp2_common/hardware_timer/timer.c.obj
                0x10002f10                busy_wait_until
 .text.busy_wait_us
                0x10002f38       0x48 CMakeFiles/as608_fingerprint.dir/C_/RPP/pico-sdk/src/rp2_common/hardware_timer/timer.c.obj
                0x10002f38                busy_wait_us
 .text.hardware_alarm_set_callback
                0x10002f80       0x90 CMakeFiles/as608_fingerprint.dir/C_/RPP/pico-sdk/src/rp2_common/hardware_timer/timer.c.obj
                0x10002f80                hardware_alarm_set_callback
 .text.hardware_alarm_set_target
                0x10003010       0xe8 CMakeFiles/as608_fingerprint.dir/C_/RPP/pico-sdk/src/rp2_common/hardware_timer/timer.c.obj
                0x10003010                hardware_alarm_set_target
 .text.hardware_alarm_cancel
                0x100030f8       0x40 CMakeFiles/as608_fingerprint.dir/C_/RPP/pico-sdk/src/rp2_common/hardware_timer/timer.c.obj
                0x100030f8                hardware_alarm_cancel
 .text.ph_add_child_node
                0x10003138       0xa4 CMakeFiles/as608_fingerprint.dir/C_/RPP/pico-sdk/src/common/pico_util/pheap.c.obj
 .text.ph_merge_nodes
                0x100031dc       0x3e CMakeFiles/as608_fingerprint.dir/C_/RPP/pico-sdk/src/common/pico_util/pheap.c.obj
 *fill*         0x1000321a        0x2 
 .text.ph_clear
                0x1000321c       0x70 CMakeFiles/as608_fingerprint.dir/C_/RPP/pico-sdk/src/common/pico_util/pheap.c.obj
                0x1000321c                ph_clear
 .text.ph_post_alloc_init
                0x1000328c        0xe CMakeFiles/as608_fingerprint.dir/C_/RPP/pico-sdk/src/common/pico_util/pheap.c.obj
                0x1000328c                ph_post_alloc_init
 *fill*         0x1000329a        0x2 
 .text.ph_merge_two_pass
                0x1000329c       0xa8 CMakeFiles/as608_fingerprint.dir/C_/RPP/pico-sdk/src/common/pico_util/pheap.c.obj
                0x1000329c                ph_merge_two_pass
 .text.ph_remove_any_head
                0x10003344      0x128 CMakeFiles/as608_fingerprint.dir/C_/RPP/pico-sdk/src/common/pico_util/pheap.c.obj
 .text.ph_remove_head
                0x1000346c       0x14 CMakeFiles/as608_fingerprint.dir/C_/RPP/pico-sdk/src/common/pico_util/pheap.c.obj
                0x1000346c                ph_remove_head
 .text.ph_remove_and_free_node
                0x10003480       0xf8 CMakeFiles/as608_fingerprint.dir/C_/RPP/pico-sdk/src/common/pico_util/pheap.c.obj
                0x10003480                ph_remove_and_free_node
 .text.uart_disable_before_lcr_write
                0x10003578       0x48 CMakeFiles/as608_fingerprint.dir/C_/RPP/pico-sdk/src/rp2_common/hardware_uart/uart.c.obj
 .text.uart_write_lcr_bits_masked
                0x100035c0       0x22 CMakeFiles/as608_fingerprint.dir/C_/RPP/pico-sdk/src/rp2_common/hardware_uart/uart.c.obj
 *fill*         0x100035e2        0x2 
 .text.uart_set_baudrate
                0x100035e4       0x5c CMakeFiles/as608_fingerprint.dir/C_/RPP/pico-sdk/src/rp2_common/hardware_uart/uart.c.obj
                0x100035e4                uart_set_baudrate
 .text.uart_set_format
                0x10003640       0x2c CMakeFiles/as608_fingerprint.dir/C_/RPP/pico-sdk/src/rp2_common/hardware_uart/uart.c.obj
                0x10003640                uart_set_format
 .text.uart_set_translate_crlf
                0x1000366c       0x28 CMakeFiles/as608_fingerprint.dir/C_/RPP/pico-sdk/src/rp2_common/hardware_uart/uart.c.obj
                0x1000366c                uart_set_translate_crlf
 .text.uart_init
                0x10003694       0x80 CMakeFiles/as608_fingerprint.dir/C_/RPP/pico-sdk/src/rp2_common/hardware_uart/uart.c.obj
                0x10003694                uart_init
 .text.clock_configure
                0x10003714      0x108 CMakeFiles/as608_fingerprint.dir/C_/RPP/pico-sdk/src/rp2_common/hardware_clocks/clocks.c.obj
                0x10003714                clock_configure
 .text.clocks_init
                0x1000381c      0x100 CMakeFiles/as608_fingerprint.dir/C_/RPP/pico-sdk/src/rp2_common/hardware_clocks/clocks.c.obj
                0x1000381c                clocks_init
 .text.clock_get_hz
                0x1000391c        0xc CMakeFiles/as608_fingerprint.dir/C_/RPP/pico-sdk/src/rp2_common/hardware_clocks/clocks.c.obj
                0x1000391c                clock_get_hz
 .text.pll_init
                0x10003928      0x120 CMakeFiles/as608_fingerprint.dir/C_/RPP/pico-sdk/src/rp2_common/hardware_pll/pll.c.obj
                0x10003928                pll_init
 .text.watchdog_start_tick
                0x10003a48       0x10 CMakeFiles/as608_fingerprint.dir/C_/RPP/pico-sdk/src/rp2_common/hardware_watchdog/watchdog.c.obj
                0x10003a48                watchdog_start_tick
 .text.watchdog_update
                0x10003a58       0x14 CMakeFiles/as608_fingerprint.dir/C_/RPP/pico-sdk/src/rp2_common/hardware_watchdog/watchdog.c.obj
                0x10003a58                watchdog_update
 .text._watchdog_enable
                0x10003a6c       0x78 CMakeFiles/as608_fingerprint.dir/C_/RPP/pico-sdk/src/rp2_common/hardware_watchdog/watchdog.c.obj
                0x10003a6c                _watchdog_enable
 .text.watchdog_reboot
                0x10003ae4       0x48 CMakeFiles/as608_fingerprint.dir/C_/RPP/pico-sdk/src/rp2_common/hardware_watchdog/watchdog.c.obj
                0x10003ae4                watchdog_reboot
 .text.xosc_init
                0x10003b2c       0x28 CMakeFiles/as608_fingerprint.dir/C_/RPP/pico-sdk/src/rp2_common/hardware_xosc/xosc.c.obj
                0x10003b2c                xosc_init
 .text._exit    0x10003b54        0x4 CMakeFiles/as608_fingerprint.dir/C_/RPP/pico-sdk/src/rp2_common/pico_runtime/runtime.c.obj
                0x10003b54                _exit
 .text.exit     0x10003b58        0x6 CMakeFiles/as608_fingerprint.dir/C_/RPP/pico-sdk/src/rp2_common/pico_runtime/runtime.c.obj
                0x10003b58                exit
 *fill*         0x10003b5e        0x2 
 .text.__assert_func
                0x10003b60       0x3c CMakeFiles/as608_fingerprint.dir/C_/RPP/pico-sdk/src/rp2_common/pico_runtime/runtime.c.obj
                0x10003b60                __assert_func
 .text.runtime_init
                0x10003b9c       0xf8 CMakeFiles/as608_fingerprint.dir/C_/RPP/pico-sdk/src/rp2_common/pico_runtime/runtime.c.obj
                0x10003b9c                runtime_init
 .text.panic    0x10003c94       0x30 CMakeFiles/as608_fingerprint.dir/C_/RPP/pico-sdk/src/rp2_common/pico_runtime/runtime.c.obj
                0x10003c94                panic
 .text._out_null
                0x10003cc4        0x2 CMakeFiles/as608_fingerprint.dir/C_/RPP/pico-sdk/src/rp2_common/pico_printf/printf.c.obj
 .text._out_fct
                0x10003cc6        0xe CMakeFiles/as608_fingerprint.dir/C_/RPP/pico-sdk/src/rp2_common/pico_printf/printf.c.obj
 .text._atoi    0x10003cd4       0x24 CMakeFiles/as608_fingerprint.dir/C_/RPP/pico-sdk/src/rp2_common/pico_printf/printf.c.obj
 .text._out_rev
                0x10003cf8       0xae CMakeFiles/as608_fingerprint.dir/C_/RPP/pico-sdk/src/rp2_common/pico_printf/printf.c.obj
 .text._ntoa_format
                0x10003da6      0x112 CMakeFiles/as608_fingerprint.dir/C_/RPP/pico-sdk/src/rp2_common/pico_printf/printf.c.obj
 .text._ntoa_long
                0x10003eb8       0xbc CMakeFiles/as608_fingerprint.dir/C_/RPP/pico-sdk/src/rp2_common/pico_printf/printf.c.obj
 .text._ntoa_long_long
                0x10003f74       0xe2 CMakeFiles/as608_fingerprint.dir/C_/RPP/pico-sdk/src/rp2_common/pico_printf/printf.c.obj
 *fill*         0x10004056        0x2 
 .text._etoa    0x10004058      0x414 CMakeFiles/as608_fingerprint.dir/C_/RPP/pico-sdk/src/rp2_common/pico_printf/printf.c.obj
 .text._ftoa    0x1000446c      0x354 CMakeFiles/as608_fingerprint.dir/C_/RPP/pico-sdk/src/rp2_common/pico_printf/printf.c.obj
 .text._vsnprintf
                0x100047c0      0x624 CMakeFiles/as608_fingerprint.dir/C_/RPP/pico-sdk/src/rp2_common/pico_printf/printf.c.obj
 .text.vfctprintf
                0x10004de4       0x20 CMakeFiles/as608_fingerprint.dir/C_/RPP/pico-sdk/src/rp2_common/pico_printf/printf.c.obj
                0x10004de4                vfctprintf
 .text          0x10004e04       0x10 CMakeFiles/as608_fingerprint.dir/C_/RPP/pico-sdk/src/rp2_common/pico_bit_ops/bit_ops_aeabi.S.obj
 .text.rom_func_lookup
                0x10004e14       0x10 CMakeFiles/as608_fingerprint.dir/C_/RPP/pico-sdk/src/rp2_common/pico_bootrom/bootrom.c.obj
                0x10004e14                rom_func_lookup
 .text.rom_data_lookup
                0x10004e24       0x10 CMakeFiles/as608_fingerprint.dir/C_/RPP/pico-sdk/src/rp2_common/pico_bootrom/bootrom.c.obj
                0x10004e24                rom_data_lookup
 .text.rom_funcs_lookup
                0x10004e34       0x36 CMakeFiles/as608_fingerprint.dir/C_/RPP/pico-sdk/src/rp2_common/pico_bootrom/bootrom.c.obj
                0x10004e34                rom_funcs_lookup
 *fill*         0x10004e6a        0x2 
 .text.__wrap___aeabi_idiv
                0x10004e6c       0x50 CMakeFiles/as608_fingerprint.dir/C_/RPP/pico-sdk/src/rp2_common/pico_divider/divider.S.obj
                0x10004e6c                __wrap___aeabi_idivmod
                0x10004e6c                divmod_s32s32
                0x10004e6c                div_s32s32
                0x10004e6c                __wrap___aeabi_idiv
                0x10004e74                divmod_s32s32_unsafe
                0x10004ea0                divmod_s32s32_savestate
 .text.__wrap___aeabi_uidiv
                0x10004ebc       0x4c CMakeFiles/as608_fingerprint.dir/C_/RPP/pico-sdk/src/rp2_common/pico_divider/divider.S.obj
                0x10004ebc                __wrap___aeabi_uidiv
                0x10004ebc                __wrap___aeabi_uidivmod
                0x10004ebc                div_u32u32
                0x10004ebc                divmod_u32u32
                0x10004ec4                divmod_u32u32_unsafe
                0x10004eec                divmod_u32u32_savestate
 .text.__wrap___aeabi_ldiv
                0x10004f08      0x424 CMakeFiles/as608_fingerprint.dir/C_/RPP/pico-sdk/src/rp2_common/pico_divider/divider.S.obj
                0x10004f08                div_s64s64
                0x10004f08                divmod_s64s64
                0x10004f08                __wrap___aeabi_ldivmod
                0x10004f38                divmod_u64u64
                0x10004f38                div_u64u64
                0x10004f38                __wrap___aeabi_uldivmod
                0x10004f48                divmod_u64u64_savestate
                0x10004f68                divmod_s64s64_unsafe
                0x10004ff0                divmod_u64u64_unsafe
 .text.__wrap___aeabi_darithmetic
                0x1000532c       0x80 CMakeFiles/as608_fingerprint.dir/C_/RPP/pico-sdk/src/rp2_common/pico_double/double_aeabi.S.obj
                0x1000532c                __wrap___aeabi_drsub
                0x10005332                __wrap___aeabi_dsub
                0x10005344                __wrap___aeabi_dadd
                0x10005356                __wrap___aeabi_ddiv
                0x10005392                __wrap___aeabi_dmul
 .text.__wrap___aeabi_cdcmple
                0x100053ac       0x6c CMakeFiles/as608_fingerprint.dir/C_/RPP/pico-sdk/src/rp2_common/pico_double/double_aeabi.S.obj
                0x100053ac                __wrap___aeabi_cdrcmple
                0x100053bc                __wrap___aeabi_cdcmpeq
                0x100053bc                __wrap___aeabi_cdcmple
 .text.__wrap___aeabi_dcmplt
                0x10005418        0xc CMakeFiles/as608_fingerprint.dir/C_/RPP/pico-sdk/src/rp2_common/pico_double/double_aeabi.S.obj
                0x10005418                __wrap___aeabi_dcmplt
 .text.__wrap___aeabi_dcmple
                0x10005424       0x10 CMakeFiles/as608_fingerprint.dir/C_/RPP/pico-sdk/src/rp2_common/pico_double/double_aeabi.S.obj
                0x10005424                __wrap___aeabi_dcmple
 .text.__wrap___aeabi_dcmpge
                0x10005434       0x10 CMakeFiles/as608_fingerprint.dir/C_/RPP/pico-sdk/src/rp2_common/pico_double/double_aeabi.S.obj
                0x10005434                __wrap___aeabi_dcmpge
 .text.__wrap___aeabi_dcmpgt
                0x10005444        0xa CMakeFiles/as608_fingerprint.dir/C_/RPP/pico-sdk/src/rp2_common/pico_double/double_aeabi.S.obj
                0x10005444                __wrap___aeabi_dcmpgt
 .text.__wrap___aeabi_dcmpun
                0x1000544e       0x1c CMakeFiles/as608_fingerprint.dir/C_/RPP/pico-sdk/src/rp2_common/pico_double/double_aeabi.S.obj
                0x1000544e                __wrap___aeabi_dcmpun
 *fill*         0x1000546a        0x2 
 .text.__wrap___aeabi_i2d
                0x1000546c       0x38 CMakeFiles/as608_fingerprint.dir/C_/RPP/pico-sdk/src/rp2_common/pico_double/double_aeabi.S.obj
                0x1000546c                __wrap___aeabi_ui2d
                0x10005474                __wrap___aeabi_i2d
 .text.__wrap___aeabi_d2iz
                0x100054a4       0x48 CMakeFiles/as608_fingerprint.dir/C_/RPP/pico-sdk/src/rp2_common/pico_double/double_aeabi.S.obj
                0x100054a4                double2int_z
                0x100054a4                __wrap___aeabi_d2iz
 .text.__wrap___aeabi_d2uiz
                0x100054ec       0x18 CMakeFiles/as608_fingerprint.dir/C_/RPP/pico-sdk/src/rp2_common/pico_double/double_aeabi.S.obj
                0x100054ec                __wrap___aeabi_d2uiz
                0x100054ec                double2uint
 .text.__aeabi_double_init
                0x10005504       0xc8 CMakeFiles/as608_fingerprint.dir/C_/RPP/pico-sdk/src/rp2_common/pico_double/double_init_rom.c.obj
                0x10005504                __aeabi_double_init
 .text.double_table_shim_on_use_helper
                0x100055cc       0x34 CMakeFiles/as608_fingerprint.dir/C_/RPP/pico-sdk/src/rp2_common/pico_double/double_v1_rom_shim.S.obj
                0x100055cc                double_table_shim_on_use_helper
 .text.__wrap___aeabi_dsub
                0x10005600       0x10 CMakeFiles/as608_fingerprint.dir/C_/RPP/pico-sdk/src/rp2_common/pico_double/double_v1_rom_shim.S.obj
                0x10005600                drsub_shim
                0x10005606                dsub_shim
 .text.dadd_shim
                0x10005610      0x15c CMakeFiles/as608_fingerprint.dir/C_/RPP/pico-sdk/src/rp2_common/pico_double/double_v1_rom_shim.S.obj
                0x10005610                dadd_shim
 .text.dmul_shim
                0x1000576c      0x15c CMakeFiles/as608_fingerprint.dir/C_/RPP/pico-sdk/src/rp2_common/pico_double/double_v1_rom_shim.S.obj
                0x1000576c                dmul_shim
 .text.ddiv_shim
                0x100058c8      0x1b0 CMakeFiles/as608_fingerprint.dir/C_/RPP/pico-sdk/src/rp2_common/pico_double/double_v1_rom_shim.S.obj
                0x100058c8                ddiv_shim
 .text.double2uint_shim
                0x10005a78        0xe CMakeFiles/as608_fingerprint.dir/C_/RPP/pico-sdk/src/rp2_common/pico_double/double_v1_rom_shim.S.obj
                0x10005a78                double2uint_shim
                0x10005a7a                double2ufix_shim
 *fill*         0x10005a86        0x2 
 .text.double2uint64_shim
                0x10005a88       0x70 CMakeFiles/as608_fingerprint.dir/C_/RPP/pico-sdk/src/rp2_common/pico_double/double_v1_rom_shim.S.obj
                0x10005a88                double2uint64_shim
                0x10005a8a                double2ufix64_shim
                0x10005aaa                d2fix_a
 .text.dunpacks
                0x10005af8       0x3c CMakeFiles/as608_fingerprint.dir/C_/RPP/pico-sdk/src/rp2_common/pico_double/double_v1_rom_shim.S.obj
                0x10005af8                dunpacks
 .text.__aeabi_lmul
                0x10005b34       0x32 CMakeFiles/as608_fingerprint.dir/C_/RPP/pico-sdk/src/rp2_common/pico_int64_ops/pico_int64_ops_aeabi.S.obj
                0x10005b34                __wrap___aeabi_lmul
 *fill*         0x10005b66        0x2 
 .text.__aeabi_float_init
                0x10005b68       0xfc CMakeFiles/as608_fingerprint.dir/C_/RPP/pico-sdk/src/rp2_common/pico_float/float_init_rom.c.obj
                0x10005b68                __aeabi_float_init
 .text.float_table_shim_on_use_helper
                0x10005c64       0x34 CMakeFiles/as608_fingerprint.dir/C_/RPP/pico-sdk/src/rp2_common/pico_float/float_v1_rom_shim.S.obj
                0x10005c64                float_table_shim_on_use_helper
 .text          0x10005c98       0x10 CMakeFiles/as608_fingerprint.dir/C_/RPP/pico-sdk/src/rp2_common/pico_mem_ops/mem_ops_aeabi.S.obj
                0x10005c98                __aeabi_mem_init
 .text.memset   0x10005ca8        0xc CMakeFiles/as608_fingerprint.dir/C_/RPP/pico-sdk/src/rp2_common/pico_mem_ops/mem_ops_aeabi.S.obj
                0x10005ca8                __wrap_memset
 .text.memcpy   0x10005cb4        0xc CMakeFiles/as608_fingerprint.dir/C_/RPP/pico-sdk/src/rp2_common/pico_mem_ops/mem_ops_aeabi.S.obj
                0x10005cb4                __wrap_memcpy
                0x10005cb4                __wrap___aeabi_memcpy
 .text.stdio_out_chars_no_crlf
                0x10005cc0        0xe CMakeFiles/as608_fingerprint.dir/C_/RPP/pico-sdk/src/rp2_common/pico_stdio/stdio.c.obj
 *fill*         0x10005cce        0x2 
 .text.stdio_out_chars_crlf
                0x10005cd0       0x80 CMakeFiles/as608_fingerprint.dir/C_/RPP/pico-sdk/src/rp2_common/pico_stdio/stdio.c.obj
 .text.stdio_stack_buffer_flush
                0x10005d50       0x44 CMakeFiles/as608_fingerprint.dir/C_/RPP/pico-sdk/src/rp2_common/pico_stdio/stdio.c.obj
 .text.stdio_buffered_printer
                0x10005d94       0x20 CMakeFiles/as608_fingerprint.dir/C_/RPP/pico-sdk/src/rp2_common/pico_stdio/stdio.c.obj
 .text.stdout_serialize_begin
                0x10005db4       0x5c CMakeFiles/as608_fingerprint.dir/C_/RPP/pico-sdk/src/rp2_common/pico_stdio/stdio.c.obj
                0x10005db4                stdout_serialize_begin
 .text.stdout_serialize_end
                0x10005e10       0x10 CMakeFiles/as608_fingerprint.dir/C_/RPP/pico-sdk/src/rp2_common/pico_stdio/stdio.c.obj
                0x10005e10                stdout_serialize_end
 .text.stdio_put_string
                0x10005e20       0x98 CMakeFiles/as608_fingerprint.dir/C_/RPP/pico-sdk/src/rp2_common/pico_stdio/stdio.c.obj
 .text.__wrap_putchar
                0x10005eb8       0x1c CMakeFiles/as608_fingerprint.dir/C_/RPP/pico-sdk/src/rp2_common/pico_stdio/stdio.c.obj
                0x10005eb8                __wrap_putchar
 .text.stdio_set_driver_enabled
                0x10005ed4       0x2c CMakeFiles/as608_fingerprint.dir/C_/RPP/pico-sdk/src/rp2_common/pico_stdio/stdio.c.obj
                0x10005ed4                stdio_set_driver_enabled
 .text.stdio_flush
                0x10005f00       0x20 CMakeFiles/as608_fingerprint.dir/C_/RPP/pico-sdk/src/rp2_common/pico_stdio/stdio.c.obj
                0x10005f00                stdio_flush
 .text.__wrap_puts
                0x10005f20       0x1e CMakeFiles/as608_fingerprint.dir/C_/RPP/pico-sdk/src/rp2_common/pico_stdio/stdio.c.obj
                0x10005f20                __wrap_puts
 *fill*         0x10005f3e        0x2 
 .text.__wrap_vprintf
                0x10005f40       0x40 CMakeFiles/as608_fingerprint.dir/C_/RPP/pico-sdk/src/rp2_common/pico_stdio/stdio.c.obj
                0x10005f40                __wrap_vprintf
 .text.__wrap_printf
                0x10005f80       0x18 CMakeFiles/as608_fingerprint.dir/C_/RPP/pico-sdk/src/rp2_common/pico_stdio/stdio.c.obj
                0x10005f80                __wrap_printf
 .text.stdio_init_all
                0x10005f98        0x8 CMakeFiles/as608_fingerprint.dir/C_/RPP/pico-sdk/src/rp2_common/pico_stdio/stdio.c.obj
                0x10005f98                stdio_init_all
 .text.resetd_init
                0x10005fa0        0x2 CMakeFiles/as608_fingerprint.dir/C_/RPP/pico-sdk/src/rp2_common/pico_stdio_usb/reset_interface.c.obj
 *fill*         0x10005fa2        0x2 
 .text.resetd_reset
                0x10005fa4        0xc CMakeFiles/as608_fingerprint.dir/C_/RPP/pico-sdk/src/rp2_common/pico_stdio_usb/reset_interface.c.obj
 .text.resetd_open
                0x10005fb0       0x34 CMakeFiles/as608_fingerprint.dir/C_/RPP/pico-sdk/src/rp2_common/pico_stdio_usb/reset_interface.c.obj
 .text.resetd_xfer_cb
                0x10005fe4        0x4 CMakeFiles/as608_fingerprint.dir/C_/RPP/pico-sdk/src/rp2_common/pico_stdio_usb/reset_interface.c.obj
 .text.reset_usb_boot
                0x10005fe8       0x18 CMakeFiles/as608_fingerprint.dir/C_/RPP/pico-sdk/src/rp2_common/pico_stdio_usb/reset_interface.c.obj
 .text.resetd_control_xfer_cb
                0x10006000       0x5c CMakeFiles/as608_fingerprint.dir/C_/RPP/pico-sdk/src/rp2_common/pico_stdio_usb/reset_interface.c.obj
 .text.usbd_app_driver_get_cb
                0x1000605c        0xc CMakeFiles/as608_fingerprint.dir/C_/RPP/pico-sdk/src/rp2_common/pico_stdio_usb/reset_interface.c.obj
                0x1000605c                usbd_app_driver_get_cb
 .text.tud_cdc_line_coding_cb
                0x10006068       0x28 CMakeFiles/as608_fingerprint.dir/C_/RPP/pico-sdk/src/rp2_common/pico_stdio_usb/reset_interface.c.obj
                0x10006068                tud_cdc_line_coding_cb
 .text.stdio_usb_set_chars_available_callback
                0x10006090       0x14 CMakeFiles/as608_fingerprint.dir/C_/RPP/pico-sdk/src/rp2_common/pico_stdio_usb/stdio_usb.c.obj
                0x10006090                stdio_usb_set_chars_available_callback
 .text.usb_irq  0x100060a4       0x10 CMakeFiles/as608_fingerprint.dir/C_/RPP/pico-sdk/src/rp2_common/pico_stdio_usb/stdio_usb.c.obj
 .text.timer_task
                0x100060b4       0x5c CMakeFiles/as608_fingerprint.dir/C_/RPP/pico-sdk/src/rp2_common/pico_stdio_usb/stdio_usb.c.obj
 .text.low_priority_worker_irq
                0x10006110       0xdc CMakeFiles/as608_fingerprint.dir/C_/RPP/pico-sdk/src/rp2_common/pico_stdio_usb/stdio_usb.c.obj
 .text.tud_cdc_rx_cb
                0x100061ec       0x20 CMakeFiles/as608_fingerprint.dir/C_/RPP/pico-sdk/src/rp2_common/pico_stdio_usb/stdio_usb.c.obj
                0x100061ec                tud_cdc_rx_cb
 .text.stdio_usb_init
                0x1000620c      0x11c CMakeFiles/as608_fingerprint.dir/C_/RPP/pico-sdk/src/rp2_common/pico_stdio_usb/stdio_usb.c.obj
                0x1000620c                stdio_usb_init
 .text.stdio_usb_connected
                0x10006328        0xa CMakeFiles/as608_fingerprint.dir/C_/RPP/pico-sdk/src/rp2_common/pico_stdio_usb/stdio_usb.c.obj
                0x10006328                stdio_usb_connected
 *fill*         0x10006332        0x2 
 .text.stdio_usb_in_chars
                0x10006334       0xc4 CMakeFiles/as608_fingerprint.dir/C_/RPP/pico-sdk/src/rp2_common/pico_stdio_usb/stdio_usb.c.obj
                0x10006334                stdio_usb_in_chars
 .text.stdio_usb_out_chars
                0x100063f8      0x114 CMakeFiles/as608_fingerprint.dir/C_/RPP/pico-sdk/src/rp2_common/pico_stdio_usb/stdio_usb.c.obj
 .text.tud_descriptor_device_cb
                0x1000650c        0x8 CMakeFiles/as608_fingerprint.dir/C_/RPP/pico-sdk/src/rp2_common/pico_stdio_usb/stdio_usb_descriptors.c.obj
                0x1000650c                tud_descriptor_device_cb
 .text.tud_descriptor_configuration_cb
                0x10006514        0x8 CMakeFiles/as608_fingerprint.dir/C_/RPP/pico-sdk/src/rp2_common/pico_stdio_usb/stdio_usb_descriptors.c.obj
                0x10006514                tud_descriptor_configuration_cb
 .text.tud_descriptor_string_cb
                0x1000651c       0x6c CMakeFiles/as608_fingerprint.dir/C_/RPP/pico-sdk/src/rp2_common/pico_stdio_usb/stdio_usb_descriptors.c.obj
                0x1000651c                tud_descriptor_string_cb
 .text._retrieve_unique_id_on_boot
                0x10006588       0x10 CMakeFiles/as608_fingerprint.dir/C_/RPP/pico-sdk/src/rp2_common/pico_unique_id/unique_id.c.obj
 .text.pico_get_unique_board_id_string
                0x10006598       0x60 CMakeFiles/as608_fingerprint.dir/C_/RPP/pico-sdk/src/rp2_common/pico_unique_id/unique_id.c.obj
                0x10006598                pico_get_unique_board_id_string
 .text.flash_get_unique_id
                0x100065f8       0x46 CMakeFiles/as608_fingerprint.dir/C_/RPP/pico-sdk/src/rp2_common/hardware_flash/flash.c.obj
                0x100065f8                flash_get_unique_id
 *fill*         0x1000663e        0x2 
 .text.hw_endpoint_get_by_addr
                0x10006640       0x18 CMakeFiles/as608_fingerprint.dir/C_/RPP/pico-sdk/lib/tinyusb/src/portable/raspberrypi/rp2040/dcd_rp2040.c.obj
 .text._hw_endpoint_alloc
                0x10006658       0x70 CMakeFiles/as608_fingerprint.dir/C_/RPP/pico-sdk/lib/tinyusb/src/portable/raspberrypi/rp2040/dcd_rp2040.c.obj
 .text.hw_endpoint_init
                0x100066c8       0x88 CMakeFiles/as608_fingerprint.dir/C_/RPP/pico-sdk/lib/tinyusb/src/portable/raspberrypi/rp2040/dcd_rp2040.c.obj
 .text.hw_endpoint_xfer
                0x10006750       0x14 CMakeFiles/as608_fingerprint.dir/C_/RPP/pico-sdk/lib/tinyusb/src/portable/raspberrypi/rp2040/dcd_rp2040.c.obj
 .text.dcd_int_enable
                0x10006764       0x2c CMakeFiles/as608_fingerprint.dir/C_/RPP/pico-sdk/lib/tinyusb/src/portable/raspberrypi/rp2040/dcd_rp2040.c.obj
                0x10006764                dcd_int_enable
 .text.dcd_set_address
                0x10006790       0x2c CMakeFiles/as608_fingerprint.dir/C_/RPP/pico-sdk/lib/tinyusb/src/portable/raspberrypi/rp2040/dcd_rp2040.c.obj
                0x10006790                dcd_set_address
 .text.dcd_connect
                0x100067bc       0x10 CMakeFiles/as608_fingerprint.dir/C_/RPP/pico-sdk/lib/tinyusb/src/portable/raspberrypi/rp2040/dcd_rp2040.c.obj
                0x100067bc                dcd_connect
 .text.dcd_init
                0x100067cc       0x80 CMakeFiles/as608_fingerprint.dir/C_/RPP/pico-sdk/lib/tinyusb/src/portable/raspberrypi/rp2040/dcd_rp2040.c.obj
                0x100067cc                dcd_init
 .text.dcd_edpt0_status_complete
                0x1000684c       0x1c CMakeFiles/as608_fingerprint.dir/C_/RPP/pico-sdk/lib/tinyusb/src/portable/raspberrypi/rp2040/dcd_rp2040.c.obj
                0x1000684c                dcd_edpt0_status_complete
 .text.dcd_edpt_open
                0x10006868       0x40 CMakeFiles/as608_fingerprint.dir/C_/RPP/pico-sdk/lib/tinyusb/src/portable/raspberrypi/rp2040/dcd_rp2040.c.obj
                0x10006868                dcd_edpt_open
 .text.dcd_edpt_close_all
                0x100068a8        0x8 CMakeFiles/as608_fingerprint.dir/C_/RPP/pico-sdk/lib/tinyusb/src/portable/raspberrypi/rp2040/dcd_rp2040.c.obj
                0x100068a8                dcd_edpt_close_all
 .text.dcd_edpt_xfer
                0x100068b0       0x34 CMakeFiles/as608_fingerprint.dir/C_/RPP/pico-sdk/lib/tinyusb/src/portable/raspberrypi/rp2040/dcd_rp2040.c.obj
                0x100068b0                dcd_edpt_xfer
 .text.dcd_edpt_stall
                0x100068e4       0x2c CMakeFiles/as608_fingerprint.dir/C_/RPP/pico-sdk/lib/tinyusb/src/portable/raspberrypi/rp2040/dcd_rp2040.c.obj
                0x100068e4                dcd_edpt_stall
 .text.dcd_edpt_clear_stall
                0x10006910       0x20 CMakeFiles/as608_fingerprint.dir/C_/RPP/pico-sdk/lib/tinyusb/src/portable/raspberrypi/rp2040/dcd_rp2040.c.obj
                0x10006910                dcd_edpt_clear_stall
 .text.rp2040_usb_init
                0x10006930       0x4c CMakeFiles/as608_fingerprint.dir/C_/RPP/pico-sdk/lib/tinyusb/src/portable/raspberrypi/rp2040/rp2040_usb.c.obj
                0x10006930                rp2040_usb_init
 .text.hw_endpoint_xfer_start
                0x1000697c       0x50 CMakeFiles/as608_fingerprint.dir/C_/RPP/pico-sdk/lib/tinyusb/src/portable/raspberrypi/rp2040/rp2040_usb.c.obj
                0x1000697c                hw_endpoint_xfer_start
 .text.configuration_reset
                0x100069cc       0x84 CMakeFiles/as608_fingerprint.dir/C_/RPP/pico-sdk/lib/tinyusb/src/device/usbd.c.obj
 .text.usbd_reset
                0x10006a50        0xc CMakeFiles/as608_fingerprint.dir/C_/RPP/pico-sdk/lib/tinyusb/src/device/usbd.c.obj
 .text.invoke_class_control
                0x10006a5c       0x1a CMakeFiles/as608_fingerprint.dir/C_/RPP/pico-sdk/lib/tinyusb/src/device/usbd.c.obj
 *fill*         0x10006a76        0x2 
 .text.process_set_config
                0x10006a78      0x178 CMakeFiles/as608_fingerprint.dir/C_/RPP/pico-sdk/lib/tinyusb/src/device/usbd.c.obj
 .text.process_get_descriptor
                0x10006bf0       0xdc CMakeFiles/as608_fingerprint.dir/C_/RPP/pico-sdk/lib/tinyusb/src/device/usbd.c.obj
 .text.tud_mounted
                0x10006ccc       0x10 CMakeFiles/as608_fingerprint.dir/C_/RPP/pico-sdk/lib/tinyusb/src/device/usbd.c.obj
                0x10006ccc                tud_mounted
 .text.tud_suspended
                0x10006cdc       0x10 CMakeFiles/as608_fingerprint.dir/C_/RPP/pico-sdk/lib/tinyusb/src/device/usbd.c.obj
                0x10006cdc                tud_suspended
 .text.tud_inited
                0x10006cec       0x14 CMakeFiles/as608_fingerprint.dir/C_/RPP/pico-sdk/lib/tinyusb/src/device/usbd.c.obj
                0x10006cec                tud_inited
 .text.tud_init
                0x10006d00       0xcc CMakeFiles/as608_fingerprint.dir/C_/RPP/pico-sdk/lib/tinyusb/src/device/usbd.c.obj
                0x10006d00                tud_init
 .text.usbd_defer_func
                0x10006dcc       0x2a CMakeFiles/as608_fingerprint.dir/C_/RPP/pico-sdk/lib/tinyusb/src/device/usbd.c.obj
                0x10006dcc                usbd_defer_func
 *fill*         0x10006df6        0x2 
 .text.usbd_edpt_open
                0x10006df8       0x34 CMakeFiles/as608_fingerprint.dir/C_/RPP/pico-sdk/lib/tinyusb/src/device/usbd.c.obj
                0x10006df8                usbd_edpt_open
 .text.usbd_open_edpt_pair
                0x10006e2c       0x62 CMakeFiles/as608_fingerprint.dir/C_/RPP/pico-sdk/lib/tinyusb/src/device/usbd.c.obj
                0x10006e2c                usbd_open_edpt_pair
 *fill*         0x10006e8e        0x2 
 .text.usbd_edpt_claim
                0x10006e90       0x28 CMakeFiles/as608_fingerprint.dir/C_/RPP/pico-sdk/lib/tinyusb/src/device/usbd.c.obj
                0x10006e90                usbd_edpt_claim
 .text.usbd_edpt_release
                0x10006eb8       0x28 CMakeFiles/as608_fingerprint.dir/C_/RPP/pico-sdk/lib/tinyusb/src/device/usbd.c.obj
                0x10006eb8                usbd_edpt_release
 .text.usbd_edpt_xfer
                0x10006ee0       0x78 CMakeFiles/as608_fingerprint.dir/C_/RPP/pico-sdk/lib/tinyusb/src/device/usbd.c.obj
                0x10006ee0                usbd_edpt_xfer
 .text.usbd_edpt_stall
                0x10006f58       0x48 CMakeFiles/as608_fingerprint.dir/C_/RPP/pico-sdk/lib/tinyusb/src/device/usbd.c.obj
                0x10006f58                usbd_edpt_stall
 .text.usbd_edpt_clear_stall
                0x10006fa0       0x48 CMakeFiles/as608_fingerprint.dir/C_/RPP/pico-sdk/lib/tinyusb/src/device/usbd.c.obj
                0x10006fa0                usbd_edpt_clear_stall
 .text.usbd_edpt_stalled
                0x10006fe8       0x1c CMakeFiles/as608_fingerprint.dir/C_/RPP/pico-sdk/lib/tinyusb/src/device/usbd.c.obj
                0x10006fe8                usbd_edpt_stalled
 .text.process_control_request
                0x10007004      0x37c CMakeFiles/as608_fingerprint.dir/C_/RPP/pico-sdk/lib/tinyusb/src/device/usbd.c.obj
 .text.tud_task_ext
                0x10007380      0x1b8 CMakeFiles/as608_fingerprint.dir/C_/RPP/pico-sdk/lib/tinyusb/src/device/usbd.c.obj
                0x10007380                tud_task_ext
 .text._data_stage_xact
                0x10007538       0x58 CMakeFiles/as608_fingerprint.dir/C_/RPP/pico-sdk/lib/tinyusb/src/device/usbd_control.c.obj
 .text.tud_control_status
                0x10007590       0x38 CMakeFiles/as608_fingerprint.dir/C_/RPP/pico-sdk/lib/tinyusb/src/device/usbd_control.c.obj
                0x10007590                tud_control_status
 .text.tud_control_xfer
                0x100075c8       0x74 CMakeFiles/as608_fingerprint.dir/C_/RPP/pico-sdk/lib/tinyusb/src/device/usbd_control.c.obj
                0x100075c8                tud_control_xfer
 .text.usbd_control_reset
                0x1000763c       0x14 CMakeFiles/as608_fingerprint.dir/C_/RPP/pico-sdk/lib/tinyusb/src/device/usbd_control.c.obj
                0x1000763c                usbd_control_reset
 .text.usbd_control_set_complete_callback
                0x10007650        0xc CMakeFiles/as608_fingerprint.dir/C_/RPP/pico-sdk/lib/tinyusb/src/device/usbd_control.c.obj
                0x10007650                usbd_control_set_complete_callback
 .text.usbd_control_set_request
                0x1000765c       0x1c CMakeFiles/as608_fingerprint.dir/C_/RPP/pico-sdk/lib/tinyusb/src/device/usbd_control.c.obj
                0x1000765c                usbd_control_set_request
 .text.usbd_control_xfer_cb
                0x10007678       0xcc CMakeFiles/as608_fingerprint.dir/C_/RPP/pico-sdk/lib/tinyusb/src/device/usbd_control.c.obj
                0x10007678                usbd_control_xfer_cb
 .text._prep_out_transaction
                0x10007744       0x4a CMakeFiles/as608_fingerprint.dir/C_/RPP/pico-sdk/lib/tinyusb/src/class/cdc/cdc_device.c.obj
 *fill*         0x1000778e        0x2 
 .text.tud_cdc_n_connected
                0x10007790       0x44 CMakeFiles/as608_fingerprint.dir/C_/RPP/pico-sdk/lib/tinyusb/src/class/cdc/cdc_device.c.obj
                0x10007790                tud_cdc_n_connected
 .text.tud_cdc_n_available
                0x100077d4       0x18 CMakeFiles/as608_fingerprint.dir/C_/RPP/pico-sdk/lib/tinyusb/src/class/cdc/cdc_device.c.obj
                0x100077d4                tud_cdc_n_available
 .text.tud_cdc_n_read
                0x100077ec       0x28 CMakeFiles/as608_fingerprint.dir/C_/RPP/pico-sdk/lib/tinyusb/src/class/cdc/cdc_device.c.obj
                0x100077ec                tud_cdc_n_read
 .text.tud_cdc_n_write_flush
                0x10007814       0xb8 CMakeFiles/as608_fingerprint.dir/C_/RPP/pico-sdk/lib/tinyusb/src/class/cdc/cdc_device.c.obj
                0x10007814                tud_cdc_n_write_flush
 .text.tud_cdc_n_write
                0x100078cc       0x38 CMakeFiles/as608_fingerprint.dir/C_/RPP/pico-sdk/lib/tinyusb/src/class/cdc/cdc_device.c.obj
                0x100078cc                tud_cdc_n_write
 .text.tud_cdc_n_write_available
                0x10007904       0x1c CMakeFiles/as608_fingerprint.dir/C_/RPP/pico-sdk/lib/tinyusb/src/class/cdc/cdc_device.c.obj
                0x10007904                tud_cdc_n_write_available
 .text.cdcd_init
                0x10007920       0xbc CMakeFiles/as608_fingerprint.dir/C_/RPP/pico-sdk/lib/tinyusb/src/class/cdc/cdc_device.c.obj
                0x10007920                cdcd_init
 .text.cdcd_reset
                0x100079dc       0x44 CMakeFiles/as608_fingerprint.dir/C_/RPP/pico-sdk/lib/tinyusb/src/class/cdc/cdc_device.c.obj
                0x100079dc                cdcd_reset
 .text.cdcd_open
                0x10007a20       0xcc CMakeFiles/as608_fingerprint.dir/C_/RPP/pico-sdk/lib/tinyusb/src/class/cdc/cdc_device.c.obj
                0x10007a20                cdcd_open
 .text.cdcd_control_xfer_cb
                0x10007aec      0x134 CMakeFiles/as608_fingerprint.dir/C_/RPP/pico-sdk/lib/tinyusb/src/class/cdc/cdc_device.c.obj
                0x10007aec                cdcd_control_xfer_cb
 .text.cdcd_xfer_cb
                0x10007c20      0x130 CMakeFiles/as608_fingerprint.dir/C_/RPP/pico-sdk/lib/tinyusb/src/class/cdc/cdc_device.c.obj
                0x10007c20                cdcd_xfer_cb
 .text.tusb_init
                0x10007d50        0xa CMakeFiles/as608_fingerprint.dir/C_/RPP/pico-sdk/lib/tinyusb/src/tusb.c.obj
                0x10007d50                tusb_init
 .text.tusb_inited
                0x10007d5a        0xe CMakeFiles/as608_fingerprint.dir/C_/RPP/pico-sdk/lib/tinyusb/src/tusb.c.obj
                0x10007d5a                tusb_inited
 .text.tu_edpt_claim
                0x10007d68       0x50 CMakeFiles/as608_fingerprint.dir/C_/RPP/pico-sdk/lib/tinyusb/src/tusb.c.obj
                0x10007d68                tu_edpt_claim
 .text.tu_edpt_release
                0x10007db8       0x3c CMakeFiles/as608_fingerprint.dir/C_/RPP/pico-sdk/lib/tinyusb/src/tusb.c.obj
                0x10007db8                tu_edpt_release
 .text.tu_edpt_validate
                0x10007df4       0x78 CMakeFiles/as608_fingerprint.dir/C_/RPP/pico-sdk/lib/tinyusb/src/tusb.c.obj
                0x10007df4                tu_edpt_validate
 .text.tu_edpt_bind_driver
                0x10007e6c       0x26 CMakeFiles/as608_fingerprint.dir/C_/RPP/pico-sdk/lib/tinyusb/src/tusb.c.obj
                0x10007e6c                tu_edpt_bind_driver
 .text.advance_index
                0x10007e92       0x1a CMakeFiles/as608_fingerprint.dir/C_/RPP/pico-sdk/lib/tinyusb/src/common/tusb_fifo.c.obj
 .text._tu_fifo_peek
                0x10007eac       0x56 CMakeFiles/as608_fingerprint.dir/C_/RPP/pico-sdk/lib/tinyusb/src/common/tusb_fifo.c.obj
 .text._ff_pull_const_addr
                0x10007f02       0x4c CMakeFiles/as608_fingerprint.dir/C_/RPP/pico-sdk/lib/tinyusb/src/common/tusb_fifo.c.obj
 .text._ff_pull_n
                0x10007f4e      0x110 CMakeFiles/as608_fingerprint.dir/C_/RPP/pico-sdk/lib/tinyusb/src/common/tusb_fifo.c.obj
 .text._tu_fifo_peek_n
                0x1000805e       0x6a CMakeFiles/as608_fingerprint.dir/C_/RPP/pico-sdk/lib/tinyusb/src/common/tusb_fifo.c.obj
 .text._tu_fifo_read_n
                0x100080c8       0x4e CMakeFiles/as608_fingerprint.dir/C_/RPP/pico-sdk/lib/tinyusb/src/common/tusb_fifo.c.obj
 .text._ff_push_const_addr
                0x10008116       0x40 CMakeFiles/as608_fingerprint.dir/C_/RPP/pico-sdk/lib/tinyusb/src/common/tusb_fifo.c.obj
 .text._ff_push_n
                0x10008156      0x10c CMakeFiles/as608_fingerprint.dir/C_/RPP/pico-sdk/lib/tinyusb/src/common/tusb_fifo.c.obj
 .text._tu_fifo_write_n
                0x10008262       0xf0 CMakeFiles/as608_fingerprint.dir/C_/RPP/pico-sdk/lib/tinyusb/src/common/tusb_fifo.c.obj
 .text.tu_fifo_config
                0x10008352       0x7c CMakeFiles/as608_fingerprint.dir/C_/RPP/pico-sdk/lib/tinyusb/src/common/tusb_fifo.c.obj
                0x10008352                tu_fifo_config
 .text.tu_fifo_count
                0x100083ce       0x2a CMakeFiles/as608_fingerprint.dir/C_/RPP/pico-sdk/lib/tinyusb/src/common/tusb_fifo.c.obj
                0x100083ce                tu_fifo_count
 .text.tu_fifo_empty
                0x100083f8       0x10 CMakeFiles/as608_fingerprint.dir/C_/RPP/pico-sdk/lib/tinyusb/src/common/tusb_fifo.c.obj
                0x100083f8                tu_fifo_empty
 .text.tu_fifo_full
                0x10008408       0x28 CMakeFiles/as608_fingerprint.dir/C_/RPP/pico-sdk/lib/tinyusb/src/common/tusb_fifo.c.obj
                0x10008408                tu_fifo_full
 .text.tu_fifo_remaining
                0x10008430       0x2c CMakeFiles/as608_fingerprint.dir/C_/RPP/pico-sdk/lib/tinyusb/src/common/tusb_fifo.c.obj
                0x10008430                tu_fifo_remaining
 .text.tu_fifo_read
                0x1000845c       0x42 CMakeFiles/as608_fingerprint.dir/C_/RPP/pico-sdk/lib/tinyusb/src/common/tusb_fifo.c.obj
                0x1000845c                tu_fifo_read
 .text.tu_fifo_read_n
                0x1000849e        0xa CMakeFiles/as608_fingerprint.dir/C_/RPP/pico-sdk/lib/tinyusb/src/common/tusb_fifo.c.obj
                0x1000849e                tu_fifo_read_n
 .text.tu_fifo_write
                0x100084a8       0x64 CMakeFiles/as608_fingerprint.dir/C_/RPP/pico-sdk/lib/tinyusb/src/common/tusb_fifo.c.obj
                0x100084a8                tu_fifo_write
 .text.tu_fifo_write_n
                0x1000850c        0xa CMakeFiles/as608_fingerprint.dir/C_/RPP/pico-sdk/lib/tinyusb/src/common/tusb_fifo.c.obj
                0x1000850c                tu_fifo_write_n
 .text.tu_fifo_clear
                0x10008516       0x3e CMakeFiles/as608_fingerprint.dir/C_/RPP/pico-sdk/lib/tinyusb/src/common/tusb_fifo.c.obj
                0x10008516                tu_fifo_clear
 .text.tu_fifo_set_overwritable
                0x10008554       0x46 CMakeFiles/as608_fingerprint.dir/C_/RPP/pico-sdk/lib/tinyusb/src/common/tusb_fifo.c.obj
                0x10008554                tu_fifo_set_overwritable
 .text.i2c_write_blocking_internal
                0x1000859a      0x140 CMakeFiles/as608_fingerprint.dir/C_/RPP/pico-sdk/src/rp2_common/hardware_i2c/i2c.c.obj
 *fill*         0x100086da        0x2 
 .text.i2c_set_baudrate
                0x100086dc       0xf0 CMakeFiles/as608_fingerprint.dir/C_/RPP/pico-sdk/src/rp2_common/hardware_i2c/i2c.c.obj
                0x100086dc                i2c_set_baudrate
 .text.i2c_init
                0x100087cc       0x58 CMakeFiles/as608_fingerprint.dir/C_/RPP/pico-sdk/src/rp2_common/hardware_i2c/i2c.c.obj
                0x100087cc                i2c_init
 .text.i2c_write_blocking
                0x10008824       0x18 CMakeFiles/as608_fingerprint.dir/C_/RPP/pico-sdk/src/rp2_common/hardware_i2c/i2c.c.obj
                0x10008824                i2c_write_blocking
 .text.strcpy   0x1000883c       0x10 c:/rpp/gcc-arm-none-eabi/bin/../lib/gcc/arm-none-eabi/10.3.1/../../../../arm-none-eabi/lib/thumb/v6-m/nofp\libg.a(lib_a-strcpy.o)
                0x1000883c                strcpy
 .text.strlen   0x1000884c       0x5c c:/rpp/gcc-arm-none-eabi/bin/../lib/gcc/arm-none-eabi/10.3.1/../../../../arm-none-eabi/lib/thumb/v6-m/nofp\libg.a(lib_a-strlen-stub.o)
                0x1000884c                strlen
 *(.fini)
 .fini          0x100088a8        0x4 c:/rpp/gcc-arm-none-eabi/bin/../lib/gcc/arm-none-eabi/10.3.1/thumb/v6-m/nofp/crti.o
                0x100088a8                _fini
 *fill*         0x100088ac        0x4 
 .fini.__stub   0x100088b0       0xe0 linker stubs
 *crtbegin.o(.ctors)
 *crtbegin?.o(.ctors)
 *(EXCLUDE_FILE(*crtend.o *crtend?.o) .ctors)
 *(SORT_BY_NAME(.ctors.*))
 *(.ctors)
 *crtbegin.o(.dtors)
 *crtbegin?.o(.dtors)
 *(EXCLUDE_FILE(*crtend.o *crtend?.o) .dtors)
 *(SORT_BY_NAME(.dtors.*))
 *(.dtors)
 *(.eh_frame*)
 .eh_frame      0x10008990        0x0 c:/rpp/gcc-arm-none-eabi/bin/../lib/gcc/arm-none-eabi/10.3.1/thumb/v6-m/nofp/crtbegin.o
                0x10008990                . = ALIGN (0x4)

.glue_7         0x10008990        0x0
 .glue_7        0x10008990        0x0 linker stubs

.glue_7t        0x10008990        0x0
 .glue_7t       0x10008990        0x0 linker stubs

.vfp11_veneer   0x10008990        0x0
 .vfp11_veneer  0x10008990        0x0 linker stubs

.v4_bx          0x10008990        0x0
 .v4_bx         0x10008990        0x0 linker stubs

.iplt           0x10008990        0x0
 .iplt          0x10008990        0x0 c:/rpp/gcc-arm-none-eabi/bin/../lib/gcc/arm-none-eabi/10.3.1/thumb/v6-m/nofp/crtbegin.o

.rodata         0x10008990     0x2124
 *(EXCLUDE_FILE(*libm.a: *libc.a:*lib_a-mem*.o *libgcc.a:) .rodata*)
 .rodata.pwmIRQ.str1.4
                0x10008990       0x2a CMakeFiles/as608_fingerprint.dir/main.c.obj
 *fill*         0x100089ba        0x2 
 .rodata.insertKey.str1.4
                0x100089bc        0xc CMakeFiles/as608_fingerprint.dir/main.c.obj
 .rodata.insertPswd.str1.4
                0x100089c8       0x24 CMakeFiles/as608_fingerprint.dir/main.c.obj
 .rodata.keyDecode
                0x100089ec      0x1e0 CMakeFiles/as608_fingerprint.dir/main.c.obj
 .rodata.checkID.str1.4
                0x10008bcc       0x29 CMakeFiles/as608_fingerprint.dir/main.c.obj
 *fill*         0x10008bf5        0x3 
 .rodata.checkPSW2.str1.4
                0x10008bf8        0x7 CMakeFiles/as608_fingerprint.dir/main.c.obj
 *fill*         0x10008bff        0x1 
 .rodata.initPWMasPIT.str1.4
                0x10008c00       0x9d CMakeFiles/as608_fingerprint.dir/main.c.obj
 *fill*         0x10008c9d        0x3 
 .rodata.main.str1.4
                0x10008ca0      0x854 CMakeFiles/as608_fingerprint.dir/main.c.obj
 .rodata.__func__.0
                0x100094f4        0xd CMakeFiles/as608_fingerprint.dir/main.c.obj
 .rodata.as608_send_command.str1.4
                0x10009501       0x1a CMakeFiles/as608_fingerprint.dir/as608.c.obj
 *fill*         0x10009501        0x3 
 .rodata.as608_read_response.str1.4
                0x10009504       0x82 CMakeFiles/as608_fingerprint.dir/as608.c.obj
 *fill*         0x10009586        0x2 
 .rodata        0x10009588       0x48 CMakeFiles/as608_fingerprint.dir/as608.c.obj
 .rodata.__func__.0
                0x100095d0       0x15 CMakeFiles/as608_fingerprint.dir/as608.c.obj
 *fill*         0x100095e5        0x3 
 .rodata.__bi_146.0
                0x100095e8        0x8 CMakeFiles/as608_fingerprint.dir/lcd_i2c_16x2.c.obj
 .rodata.spin_lock_claim_unused.str1.4
                0x100095f0       0x1b CMakeFiles/as608_fingerprint.dir/C_/RPP/pico-sdk/src/rp2_common/hardware_sync/sync.c.obj
 *fill*         0x1000960b        0x1 
 .rodata.make_branch.str1.4
                0x1000960c       0x62 CMakeFiles/as608_fingerprint.dir/C_/RPP/pico-sdk/src/rp2_common/hardware_irq/irq.c.obj
 *fill*         0x1000966e        0x2 
 .rodata.insert_branch_and_link.str1.4
                0x10009670       0x10 CMakeFiles/as608_fingerprint.dir/C_/RPP/pico-sdk/src/rp2_common/hardware_irq/irq.c.obj
 .rodata.irq_set_exclusive_handler.str1.4
                0x10009680       0x36 CMakeFiles/as608_fingerprint.dir/C_/RPP/pico-sdk/src/rp2_common/hardware_irq/irq.c.obj
 *fill*         0x100096b6        0x2 
 .rodata.irq_add_shared_handler.str1.4
                0x100096b8       0xd9 CMakeFiles/as608_fingerprint.dir/C_/RPP/pico-sdk/src/rp2_common/hardware_irq/irq.c.obj
 *fill*         0x10009791        0x3 
 .rodata.irq_remove_handler.str1.4
                0x10009794       0x32 CMakeFiles/as608_fingerprint.dir/C_/RPP/pico-sdk/src/rp2_common/hardware_irq/irq.c.obj
                                 0x3a (size before relaxing)
 *fill*         0x100097c6        0x2 
 .rodata.irq_add_tail_to_free_list.str1.4
                0x100097c8       0x3a CMakeFiles/as608_fingerprint.dir/C_/RPP/pico-sdk/src/rp2_common/hardware_irq/irq.c.obj
 *fill*         0x10009802        0x2 
 .rodata.user_irq_claim_unused.str1.4
                0x10009804       0x1b CMakeFiles/as608_fingerprint.dir/C_/RPP/pico-sdk/src/rp2_common/hardware_irq/irq.c.obj
 *fill*         0x1000981f        0x1 
 .rodata.__func__.0
                0x10009820       0x1a CMakeFiles/as608_fingerprint.dir/C_/RPP/pico-sdk/src/rp2_common/hardware_irq/irq.c.obj
 *fill*         0x1000983a        0x2 
 .rodata.__func__.1
                0x1000983c       0x17 CMakeFiles/as608_fingerprint.dir/C_/RPP/pico-sdk/src/rp2_common/hardware_irq/irq.c.obj
 *fill*         0x10009853        0x1 
 .rodata.__func__.2
                0x10009854       0x13 CMakeFiles/as608_fingerprint.dir/C_/RPP/pico-sdk/src/rp2_common/hardware_irq/irq.c.obj
 *fill*         0x10009867        0x1 
 .rodata.__func__.3
                0x10009868        0xc CMakeFiles/as608_fingerprint.dir/C_/RPP/pico-sdk/src/rp2_common/hardware_irq/irq.c.obj
 .rodata.__func__.4
                0x10009874        0xf CMakeFiles/as608_fingerprint.dir/C_/RPP/pico-sdk/src/rp2_common/hardware_irq/irq.c.obj
 *fill*         0x10009883        0x1 
 .rodata.__func__.5
                0x10009884       0x17 CMakeFiles/as608_fingerprint.dir/C_/RPP/pico-sdk/src/rp2_common/hardware_irq/irq.c.obj
 *fill*         0x1000989b        0x1 
 .rodata.__func__.6
                0x1000989c       0x1a CMakeFiles/as608_fingerprint.dir/C_/RPP/pico-sdk/src/rp2_common/hardware_irq/irq.c.obj
 *fill*         0x100098b6        0x2 
 .rodata.str1.4
                0x100098b8       0x81 CMakeFiles/as608_fingerprint.dir/C_/RPP/pico-sdk/src/common/pico_sync/mutex.c.obj
                                 0xd9 (size before relaxing)
 *fill*         0x10009939        0x3 
 .rodata.__func__.1
                0x1000993c        0xb CMakeFiles/as608_fingerprint.dir/C_/RPP/pico-sdk/src/common/pico_sync/mutex.c.obj
 *fill*         0x10009947        0x1 
 .rodata.__func__.3
                0x10009948       0x18 CMakeFiles/as608_fingerprint.dir/C_/RPP/pico-sdk/src/common/pico_sync/mutex.c.obj
 .rodata.__func__.4
                0x10009960       0x15 CMakeFiles/as608_fingerprint.dir/C_/RPP/pico-sdk/src/common/pico_sync/mutex.c.obj
 *fill*         0x10009975        0x3 
 .rodata.repeating_timer_callback.str1.4
                0x10009978       0x40 CMakeFiles/as608_fingerprint.dir/C_/RPP/pico-sdk/src/common/pico_time/time.c.obj
 .rodata.timer_pool_entry_comparator.str1.4
                0x100099b8       0x22 CMakeFiles/as608_fingerprint.dir/C_/RPP/pico-sdk/src/common/pico_time/time.c.obj
 *fill*         0x100099da        0x2 
 .rodata.ph_add_child_node.str1.4
                0x100099dc       0x8a CMakeFiles/as608_fingerprint.dir/C_/RPP/pico-sdk/src/common/pico_time/time.c.obj
 *fill*         0x10009a66        0x2 
 .rodata.add_alarm_under_lock.str1.4
                0x10009a68       0x28 CMakeFiles/as608_fingerprint.dir/C_/RPP/pico-sdk/src/common/pico_time/time.c.obj
                                 0x2b (size before relaxing)
 .rodata.alarm_pool_alarm_callback.str1.4
                0x10009a90       0x98 CMakeFiles/as608_fingerprint.dir/C_/RPP/pico-sdk/src/common/pico_time/time.c.obj
                                 0xf0 (size before relaxing)
 .rodata.alarm_pool_get_default.str1.4
                0x10009b28       0x21 CMakeFiles/as608_fingerprint.dir/C_/RPP/pico-sdk/src/common/pico_time/time.c.obj
 *fill*         0x10009b49        0x3 
 .rodata.alarm_pool_cancel_alarm.str1.4
                0x10009b4c       0x27 CMakeFiles/as608_fingerprint.dir/C_/RPP/pico-sdk/src/common/pico_time/time.c.obj
 *fill*         0x10009b73        0x1 
 .rodata.sleep_until.str1.4
                0x10009b74       0x4d CMakeFiles/as608_fingerprint.dir/C_/RPP/pico-sdk/src/common/pico_time/time.c.obj
 *fill*         0x10009bc1        0x3 
 .rodata.__func__.1
                0x10009bc4       0x18 CMakeFiles/as608_fingerprint.dir/C_/RPP/pico-sdk/src/common/pico_time/time.c.obj
 .rodata.__func__.10
                0x10009bdc       0x15 CMakeFiles/as608_fingerprint.dir/C_/RPP/pico-sdk/src/common/pico_time/time.c.obj
 *fill*         0x10009bf1        0x3 
 .rodata.__func__.11
                0x10009bf4       0x1a CMakeFiles/as608_fingerprint.dir/C_/RPP/pico-sdk/src/common/pico_time/time.c.obj
 *fill*         0x10009c0e        0x2 
 .rodata.__func__.12
                0x10009c10        0xa CMakeFiles/as608_fingerprint.dir/C_/RPP/pico-sdk/src/common/pico_time/time.c.obj
 *fill*         0x10009c1a        0x2 
 .rodata.__func__.3
                0x10009c1c       0x17 CMakeFiles/as608_fingerprint.dir/C_/RPP/pico-sdk/src/common/pico_time/time.c.obj
 *fill*         0x10009c33        0x1 
 .rodata.__func__.4
                0x10009c34       0x12 CMakeFiles/as608_fingerprint.dir/C_/RPP/pico-sdk/src/common/pico_time/time.c.obj
 *fill*         0x10009c46        0x2 
 .rodata.__func__.5
                0x10009c48        0xd CMakeFiles/as608_fingerprint.dir/C_/RPP/pico-sdk/src/common/pico_time/time.c.obj
 *fill*         0x10009c55        0x3 
 .rodata.__func__.6
                0x10009c58       0x12 CMakeFiles/as608_fingerprint.dir/C_/RPP/pico-sdk/src/common/pico_time/time.c.obj
 *fill*         0x10009c6a        0x2 
 .rodata.__func__.7
                0x10009c6c        0xf CMakeFiles/as608_fingerprint.dir/C_/RPP/pico-sdk/src/common/pico_time/time.c.obj
 *fill*         0x10009c7b        0x1 
 .rodata.__func__.8
                0x10009c7c        0xc CMakeFiles/as608_fingerprint.dir/C_/RPP/pico-sdk/src/common/pico_time/time.c.obj
 .rodata.__func__.9
                0x10009c88       0x15 CMakeFiles/as608_fingerprint.dir/C_/RPP/pico-sdk/src/common/pico_time/time.c.obj
 *fill*         0x10009c9d        0x3 
 .rodata.hardware_alarm_claim.str1.4
                0x10009ca0       0x22 CMakeFiles/as608_fingerprint.dir/C_/RPP/pico-sdk/src/rp2_common/hardware_timer/timer.c.obj
 .rodata.busy_wait_us.str1.4
                0x10009cc2       0x56 CMakeFiles/as608_fingerprint.dir/C_/RPP/pico-sdk/src/rp2_common/hardware_timer/timer.c.obj
 *fill*         0x10009cc2        0x2 
 .rodata.hardware_alarm_set_target.str1.4
                0x10009cc4       0x5a CMakeFiles/as608_fingerprint.dir/C_/RPP/pico-sdk/src/rp2_common/hardware_timer/timer.c.obj
 *fill*         0x10009d1e        0x2 
 .rodata.__func__.0
                0x10009d20       0x1a CMakeFiles/as608_fingerprint.dir/C_/RPP/pico-sdk/src/rp2_common/hardware_timer/timer.c.obj
 *fill*         0x10009d3a        0x2 
 .rodata.__func__.1
                0x10009d3c       0x15 CMakeFiles/as608_fingerprint.dir/C_/RPP/pico-sdk/src/rp2_common/hardware_timer/timer.c.obj
 .rodata.ph_add_child_node.str1.4
                0x10009d51       0x8a CMakeFiles/as608_fingerprint.dir/C_/RPP/pico-sdk/src/common/pico_util/pheap.c.obj
 *fill*         0x10009d51        0x3 
 .rodata.ph_remove_any_head.str1.4
                0x10009d54       0x84 CMakeFiles/as608_fingerprint.dir/C_/RPP/pico-sdk/src/common/pico_util/pheap.c.obj
                                 0x98 (size before relaxing)
 .rodata.ph_remove_and_free_node.str1.4
                0x10009dd8       0x1e CMakeFiles/as608_fingerprint.dir/C_/RPP/pico-sdk/src/common/pico_util/pheap.c.obj
                                 0x26 (size before relaxing)
 *fill*         0x10009df6        0x2 
 .rodata.__func__.0
                0x10009df8       0x18 CMakeFiles/as608_fingerprint.dir/C_/RPP/pico-sdk/src/common/pico_util/pheap.c.obj
 .rodata.__func__.1
                0x10009e10       0x13 CMakeFiles/as608_fingerprint.dir/C_/RPP/pico-sdk/src/common/pico_util/pheap.c.obj
 *fill*         0x10009e23        0x1 
 .rodata.__func__.2
                0x10009e24       0x12 CMakeFiles/as608_fingerprint.dir/C_/RPP/pico-sdk/src/common/pico_util/pheap.c.obj
 *fill*         0x10009e36        0x2 
 .rodata.__func__.3
                0x10009e38        0xc CMakeFiles/as608_fingerprint.dir/C_/RPP/pico-sdk/src/common/pico_util/pheap.c.obj
 .rodata.clock_configure.str1.4
                0x10009e44       0x4c CMakeFiles/as608_fingerprint.dir/C_/RPP/pico-sdk/src/rp2_common/hardware_clocks/clocks.c.obj
 .rodata.__func__.1
                0x10009e90       0x10 CMakeFiles/as608_fingerprint.dir/C_/RPP/pico-sdk/src/rp2_common/hardware_clocks/clocks.c.obj
 .rodata.pll_init.str1.4
                0x10009ea0      0x118 CMakeFiles/as608_fingerprint.dir/C_/RPP/pico-sdk/src/rp2_common/hardware_pll/pll.c.obj
 .rodata.__func__.0
                0x10009fb8        0x9 CMakeFiles/as608_fingerprint.dir/C_/RPP/pico-sdk/src/rp2_common/hardware_pll/pll.c.obj
 *fill*         0x10009fc1        0x3 
 .rodata.__assert_func.str1.4
                0x10009fc4       0x3f CMakeFiles/as608_fingerprint.dir/C_/RPP/pico-sdk/src/rp2_common/pico_runtime/runtime.c.obj
                                 0x43 (size before relaxing)
 *fill*         0x1000a003        0x1 
 .rodata.runtime_init.str1.4
                0x1000a004       0x56 CMakeFiles/as608_fingerprint.dir/C_/RPP/pico-sdk/src/rp2_common/pico_runtime/runtime.c.obj
 *fill*         0x1000a05a        0x2 
 .rodata.panic.str1.4
                0x1000a05c       0x10 CMakeFiles/as608_fingerprint.dir/C_/RPP/pico-sdk/src/rp2_common/pico_runtime/runtime.c.obj
                                 0x12 (size before relaxing)
 .rodata.__func__.2
                0x1000a06c        0xd CMakeFiles/as608_fingerprint.dir/C_/RPP/pico-sdk/src/rp2_common/pico_runtime/runtime.c.obj
 *fill*         0x1000a079        0x3 
 .rodata._ftoa.str1.4
                0x1000a07c       0x15 CMakeFiles/as608_fingerprint.dir/C_/RPP/pico-sdk/src/rp2_common/pico_printf/printf.c.obj
 *fill*         0x1000a091        0x3 
 .rodata._vsnprintf
                0x1000a094      0x1e0 CMakeFiles/as608_fingerprint.dir/C_/RPP/pico-sdk/src/rp2_common/pico_printf/printf.c.obj
 *fill*         0x1000a274        0x4 
 .rodata.pow10.0
                0x1000a278       0x50 CMakeFiles/as608_fingerprint.dir/C_/RPP/pico-sdk/src/rp2_common/pico_printf/printf.c.obj
 .rodata.__aeabi_double_init.str1.4
                0x1000a2c8       0x91 CMakeFiles/as608_fingerprint.dir/C_/RPP/pico-sdk/src/rp2_common/pico_double/double_init_rom.c.obj
 *fill*         0x1000a359        0x3 
 .rodata.__func__.0
                0x1000a35c       0x14 CMakeFiles/as608_fingerprint.dir/C_/RPP/pico-sdk/src/rp2_common/pico_double/double_init_rom.c.obj
 .rodata.__aeabi_float_init.str1.4
                0x1000a370       0x6f CMakeFiles/as608_fingerprint.dir/C_/RPP/pico-sdk/src/rp2_common/pico_float/float_init_rom.c.obj
                                 0x73 (size before relaxing)
 *fill*         0x1000a3df        0x1 
 .rodata.__func__.0
                0x1000a3e0       0x13 CMakeFiles/as608_fingerprint.dir/C_/RPP/pico-sdk/src/rp2_common/pico_float/float_init_rom.c.obj
 *fill*         0x1000a3f3        0x1 
 .rodata.str1.4
                0x1000a3f4       0x48 CMakeFiles/as608_fingerprint.dir/C_/RPP/pico-sdk/src/rp2_common/pico_standard_link/binary_info.c.obj
 .rodata.__bi_44
                0x1000a43c        0xc CMakeFiles/as608_fingerprint.dir/C_/RPP/pico-sdk/src/rp2_common/pico_standard_link/binary_info.c.obj
 .rodata.__bi_75
                0x1000a448        0xc CMakeFiles/as608_fingerprint.dir/C_/RPP/pico-sdk/src/rp2_common/pico_standard_link/binary_info.c.obj
 .rodata.__bi_81
                0x1000a454        0xc CMakeFiles/as608_fingerprint.dir/C_/RPP/pico-sdk/src/rp2_common/pico_standard_link/binary_info.c.obj
 .rodata.stdout_serialize_begin.str1.4
                0x1000a460       0x56 CMakeFiles/as608_fingerprint.dir/C_/RPP/pico-sdk/src/rp2_common/pico_stdio/stdio.c.obj
 .rodata.__func__.3
                0x1000a460       0x15 CMakeFiles/as608_fingerprint.dir/C_/RPP/pico-sdk/src/rp2_common/pico_stdio/stdio.c.obj
 *fill*         0x1000a475        0x3 
 .rodata.crlf_str.2
                0x1000a478        0x2 CMakeFiles/as608_fingerprint.dir/C_/RPP/pico-sdk/src/rp2_common/pico_stdio/stdio.c.obj
 *fill*         0x1000a47a        0x2 
 .rodata._resetd_driver
                0x1000a47c       0x18 CMakeFiles/as608_fingerprint.dir/C_/RPP/pico-sdk/src/rp2_common/pico_stdio_usb/reset_interface.c.obj
 .rodata.low_priority_worker_irq.str1.4
                0x1000a494       0x56 CMakeFiles/as608_fingerprint.dir/C_/RPP/pico-sdk/src/rp2_common/pico_stdio_usb/stdio_usb.c.obj
 .rodata.stdio_usb_init.str1.4
                0x1000a494       0x3a CMakeFiles/as608_fingerprint.dir/C_/RPP/pico-sdk/src/rp2_common/pico_stdio_usb/stdio_usb.c.obj
                                 0x42 (size before relaxing)
 *fill*         0x1000a4ce        0x2 
 .rodata.str1.4
                0x1000a4d0       0x13 CMakeFiles/as608_fingerprint.dir/C_/RPP/pico-sdk/src/rp2_common/pico_stdio_usb/stdio_usb.c.obj
 *fill*         0x1000a4e3        0x1 
 .rodata.__bi_182.0
                0x1000a4e4        0xc CMakeFiles/as608_fingerprint.dir/C_/RPP/pico-sdk/src/rp2_common/pico_stdio_usb/stdio_usb.c.obj
 .rodata.__func__.1
                0x1000a4f0        0xf CMakeFiles/as608_fingerprint.dir/C_/RPP/pico-sdk/src/rp2_common/pico_stdio_usb/stdio_usb.c.obj
 *fill*         0x1000a4ff        0x1 
 .rodata.__func__.3
                0x1000a500       0x15 CMakeFiles/as608_fingerprint.dir/C_/RPP/pico-sdk/src/rp2_common/pico_stdio_usb/stdio_usb.c.obj
 *fill*         0x1000a515        0x3 
 .rodata.str1.4
                0x1000a518       0x2a CMakeFiles/as608_fingerprint.dir/C_/RPP/pico-sdk/src/rp2_common/pico_stdio_usb/stdio_usb_descriptors.c.obj
 *fill*         0x1000a542        0x2 
 .rodata.usbd_desc_cfg
                0x1000a544       0x54 CMakeFiles/as608_fingerprint.dir/C_/RPP/pico-sdk/src/rp2_common/pico_stdio_usb/stdio_usb_descriptors.c.obj
 .rodata.usbd_desc_device
                0x1000a598       0x12 CMakeFiles/as608_fingerprint.dir/C_/RPP/pico-sdk/src/rp2_common/pico_stdio_usb/stdio_usb_descriptors.c.obj
 *fill*         0x1000a5aa        0x2 
 .rodata.usbd_desc_str
                0x1000a5ac       0x18 CMakeFiles/as608_fingerprint.dir/C_/RPP/pico-sdk/src/rp2_common/pico_stdio_usb/stdio_usb_descriptors.c.obj
 .rodata.pico_get_unique_board_id_string.str1.4
                0x1000a5c4       0x42 CMakeFiles/as608_fingerprint.dir/C_/RPP/pico-sdk/src/rp2_common/pico_unique_id/unique_id.c.obj
 *fill*         0x1000a606        0x2 
 .rodata.__func__.0
                0x1000a608       0x20 CMakeFiles/as608_fingerprint.dir/C_/RPP/pico-sdk/src/rp2_common/pico_unique_id/unique_id.c.obj
 .rodata.str1.4
                0x1000a628      0x14e CMakeFiles/as608_fingerprint.dir/C_/RPP/pico-sdk/src/rp2_common/hardware_flash/flash.c.obj
 *fill*         0x1000a776        0x2 
 .rodata.__func__.0
                0x1000a778        0xd CMakeFiles/as608_fingerprint.dir/C_/RPP/pico-sdk/src/rp2_common/hardware_flash/flash.c.obj
 *fill*         0x1000a785        0x3 
 .rodata._hw_endpoint_alloc.str1.4
                0x1000a788       0xad CMakeFiles/as608_fingerprint.dir/C_/RPP/pico-sdk/lib/tinyusb/src/portable/raspberrypi/rp2040/dcd_rp2040.c.obj
 *fill*         0x1000a835        0x3 
 .rodata.str1.4
                0x1000a838       0x14 CMakeFiles/as608_fingerprint.dir/C_/RPP/pico-sdk/lib/tinyusb/src/portable/raspberrypi/rp2040/dcd_rp2040.c.obj
 .rodata.dcd_int_enable.str1.4
                0x1000a84c        0xc CMakeFiles/as608_fingerprint.dir/C_/RPP/pico-sdk/lib/tinyusb/src/portable/raspberrypi/rp2040/dcd_rp2040.c.obj
 .rodata.__func__.0
                0x1000a858        0xe CMakeFiles/as608_fingerprint.dir/C_/RPP/pico-sdk/lib/tinyusb/src/portable/raspberrypi/rp2040/dcd_rp2040.c.obj
 *fill*         0x1000a866        0x2 
 .rodata.__func__.1
                0x1000a868        0xe CMakeFiles/as608_fingerprint.dir/C_/RPP/pico-sdk/lib/tinyusb/src/portable/raspberrypi/rp2040/dcd_rp2040.c.obj
 *fill*         0x1000a876        0x2 
 .rodata.__func__.3
                0x1000a878       0x10 CMakeFiles/as608_fingerprint.dir/C_/RPP/pico-sdk/lib/tinyusb/src/portable/raspberrypi/rp2040/dcd_rp2040.c.obj
 .rodata.__func__.5
                0x1000a888        0xf CMakeFiles/as608_fingerprint.dir/C_/RPP/pico-sdk/lib/tinyusb/src/portable/raspberrypi/rp2040/dcd_rp2040.c.obj
 *fill*         0x1000a897        0x1 
 .rodata.__func__.6
                0x1000a898       0x13 CMakeFiles/as608_fingerprint.dir/C_/RPP/pico-sdk/lib/tinyusb/src/portable/raspberrypi/rp2040/dcd_rp2040.c.obj
 *fill*         0x1000a8ab        0x1 
 .rodata.__func__.7
                0x1000a8ac        0x9 CMakeFiles/as608_fingerprint.dir/C_/RPP/pico-sdk/lib/tinyusb/src/portable/raspberrypi/rp2040/dcd_rp2040.c.obj
 *fill*         0x1000a8b5        0x3 
 .rodata.str1.4
                0x1000a8b8       0xdf CMakeFiles/as608_fingerprint.dir/C_/RPP/pico-sdk/lib/tinyusb/src/portable/raspberrypi/rp2040/rp2040_usb.c.obj
 *fill*         0x1000a997        0x1 
 .rodata.__func__.0
                0x1000a998        0xf CMakeFiles/as608_fingerprint.dir/C_/RPP/pico-sdk/lib/tinyusb/src/portable/raspberrypi/rp2040/rp2040_usb.c.obj
 *fill*         0x1000a9a7        0x1 
 .rodata.process_get_descriptor
                0x1000a9a8       0x40 CMakeFiles/as608_fingerprint.dir/C_/RPP/pico-sdk/lib/tinyusb/src/device/usbd.c.obj
 .rodata.process_control_request
                0x1000a9e8       0x28 CMakeFiles/as608_fingerprint.dir/C_/RPP/pico-sdk/lib/tinyusb/src/device/usbd.c.obj
 .rodata.tud_task_ext
                0x1000aa10       0x24 CMakeFiles/as608_fingerprint.dir/C_/RPP/pico-sdk/lib/tinyusb/src/device/usbd.c.obj
 .rodata._usbd_driver
                0x1000aa34       0x18 CMakeFiles/as608_fingerprint.dir/C_/RPP/pico-sdk/lib/tinyusb/src/device/usbd.c.obj
 .rodata.i2c_set_baudrate.str1.4
                0x1000aa4c       0x52 CMakeFiles/as608_fingerprint.dir/C_/RPP/pico-sdk/src/rp2_common/hardware_i2c/i2c.c.obj
 *fill*         0x1000aa9e        0x2 
 .rodata.__func__.0
                0x1000aaa0       0x11 CMakeFiles/as608_fingerprint.dir/C_/RPP/pico-sdk/src/rp2_common/hardware_i2c/i2c.c.obj
                0x1000aab4                . = ALIGN (0x4)
 *fill*         0x1000aab1        0x3 
 *(SORT_BY_ALIGNMENT(SORT_BY_NAME(.flashdata*)))
                0x1000aab4                . = ALIGN (0x4)

.ARM.extab
 *(.ARM.extab* .gnu.linkonce.armextab.*)
                0x1000aab4                __exidx_start = .

.ARM.exidx
 *(.ARM.exidx* .gnu.linkonce.armexidx.*)
                0x1000aab4                __exidx_end = .
                0x1000aab4                . = ALIGN (0x4)
                0x1000aab4                __binary_info_start = .

.binary_info    0x1000aab4       0x24
 *(.binary_info.keep.*)
 .binary_info.keep.__bi_ptr146
                0x1000aab4        0x4 CMakeFiles/as608_fingerprint.dir/lcd_i2c_16x2.c.obj
 .binary_info.keep.__bi_ptr22
                0x1000aab8        0x4 CMakeFiles/as608_fingerprint.dir/C_/RPP/pico-sdk/src/rp2_common/pico_standard_link/binary_info.c.obj
 .binary_info.keep.__bi_ptr30
                0x1000aabc        0x4 CMakeFiles/as608_fingerprint.dir/C_/RPP/pico-sdk/src/rp2_common/pico_standard_link/binary_info.c.obj
 .binary_info.keep.__bi_ptr38
                0x1000aac0        0x4 CMakeFiles/as608_fingerprint.dir/C_/RPP/pico-sdk/src/rp2_common/pico_standard_link/binary_info.c.obj
 .binary_info.keep.__bi_ptr44
                0x1000aac4        0x4 CMakeFiles/as608_fingerprint.dir/C_/RPP/pico-sdk/src/rp2_common/pico_standard_link/binary_info.c.obj
 .binary_info.keep.__bi_ptr50
                0x1000aac8        0x4 CMakeFiles/as608_fingerprint.dir/C_/RPP/pico-sdk/src/rp2_common/pico_standard_link/binary_info.c.obj
 .binary_info.keep.__bi_ptr75
                0x1000aacc        0x4 CMakeFiles/as608_fingerprint.dir/C_/RPP/pico-sdk/src/rp2_common/pico_standard_link/binary_info.c.obj
 .binary_info.keep.__bi_ptr81
                0x1000aad0        0x4 CMakeFiles/as608_fingerprint.dir/C_/RPP/pico-sdk/src/rp2_common/pico_standard_link/binary_info.c.obj
 *(.binary_info.*)
 .binary_info.__bi_ptr182
                0x1000aad4        0x4 CMakeFiles/as608_fingerprint.dir/C_/RPP/pico-sdk/src/rp2_common/pico_stdio_usb/stdio_usb.c.obj
                0x1000aad8                __binary_info_end = .

.rel.dyn        0x1000aad8        0x0
 .rel.iplt      0x1000aad8        0x0 c:/rpp/gcc-arm-none-eabi/bin/../lib/gcc/arm-none-eabi/10.3.1/thumb/v6-m/nofp/crtbegin.o
                0x1000aad8                . = ALIGN (0x4)

.ram_vector_table
                0x20000000       0xc0
 *(.ram_vector_table)
 .ram_vector_table
                0x20000000       0xc0 CMakeFiles/as608_fingerprint.dir/C_/RPP/pico-sdk/src/rp2_common/pico_runtime/runtime.c.obj
                0x20000000                ram_vector_table

.data           0x200000c0      0xc58 load address 0x1000aad8
                0x200000c0                __data_start__ = .
 *(vtable)
 *(.time_critical*)
 .time_critical.mutex_try_enter
                0x200000c0       0x46 CMakeFiles/as608_fingerprint.dir/C_/RPP/pico-sdk/src/common/pico_sync/mutex.c.obj
                0x200000c0                mutex_try_enter
 *fill*         0x20000106        0x2 
 .time_critical.mutex_enter_block_until
                0x20000108       0x8c CMakeFiles/as608_fingerprint.dir/C_/RPP/pico-sdk/src/common/pico_sync/mutex.c.obj
                0x20000108                mutex_enter_block_until
 .time_critical.mutex_try_enter_block_until
                0x20000194       0x34 CMakeFiles/as608_fingerprint.dir/C_/RPP/pico-sdk/src/common/pico_sync/mutex.c.obj
                0x20000194                mutex_try_enter_block_until
 .time_critical.mutex_enter_timeout_ms
                0x200001c8       0x68 CMakeFiles/as608_fingerprint.dir/C_/RPP/pico-sdk/src/common/pico_sync/mutex.c.obj
                0x200001c8                mutex_enter_timeout_ms
 .time_critical.mutex_exit
                0x20000230       0x4c CMakeFiles/as608_fingerprint.dir/C_/RPP/pico-sdk/src/common/pico_sync/mutex.c.obj
                0x20000230                mutex_exit
 .time_critical.flash_init_boot2_copyout
                0x2000027c       0x30 CMakeFiles/as608_fingerprint.dir/C_/RPP/pico-sdk/src/rp2_common/hardware_flash/flash.c.obj
 .time_critical.flash_enable_xip_via_boot2
                0x200002ac       0x10 CMakeFiles/as608_fingerprint.dir/C_/RPP/pico-sdk/src/rp2_common/hardware_flash/flash.c.obj
 .time_critical.flash_cs_force
                0x200002bc       0x28 CMakeFiles/as608_fingerprint.dir/C_/RPP/pico-sdk/src/rp2_common/hardware_flash/flash.c.obj
 .time_critical.flash_do_cmd
                0x200002e4       0xd8 CMakeFiles/as608_fingerprint.dir/C_/RPP/pico-sdk/src/rp2_common/hardware_flash/flash.c.obj
                0x200002e4                flash_do_cmd
 .time_critical.reset_non_control_endpoints
                0x200003bc       0x40 CMakeFiles/as608_fingerprint.dir/C_/RPP/pico-sdk/lib/tinyusb/src/portable/raspberrypi/rp2040/dcd_rp2040.c.obj
 .time_critical.hw_handle_buff_status
                0x200003fc       0xa4 CMakeFiles/as608_fingerprint.dir/C_/RPP/pico-sdk/lib/tinyusb/src/portable/raspberrypi/rp2040/dcd_rp2040.c.obj
 .time_critical.dcd_rp2040_irq
                0x200004a0      0x1cc CMakeFiles/as608_fingerprint.dir/C_/RPP/pico-sdk/lib/tinyusb/src/portable/raspberrypi/rp2040/dcd_rp2040.c.obj
 .time_critical.e15_is_bulkin_ep
                0x2000066c       0x2c CMakeFiles/as608_fingerprint.dir/C_/RPP/pico-sdk/lib/tinyusb/src/portable/raspberrypi/rp2040/rp2040_usb.c.obj
 .time_critical.e15_is_critical_frame_period
                0x20000698       0x30 CMakeFiles/as608_fingerprint.dir/C_/RPP/pico-sdk/lib/tinyusb/src/portable/raspberrypi/rp2040/rp2040_usb.c.obj
 .time_critical.prepare_ep_buffer
                0x200006c8       0x70 CMakeFiles/as608_fingerprint.dir/C_/RPP/pico-sdk/lib/tinyusb/src/portable/raspberrypi/rp2040/rp2040_usb.c.obj
 .time_critical.sync_ep_buffer
                0x20000738       0x80 CMakeFiles/as608_fingerprint.dir/C_/RPP/pico-sdk/lib/tinyusb/src/portable/raspberrypi/rp2040/rp2040_usb.c.obj
 .time_critical._hw_endpoint_xfer_sync
                0x200007b8       0x28 CMakeFiles/as608_fingerprint.dir/C_/RPP/pico-sdk/lib/tinyusb/src/portable/raspberrypi/rp2040/rp2040_usb.c.obj
 .time_critical.hw_endpoint_reset_transfer
                0x200007e0        0xc CMakeFiles/as608_fingerprint.dir/C_/RPP/pico-sdk/lib/tinyusb/src/portable/raspberrypi/rp2040/rp2040_usb.c.obj
                0x200007e0                hw_endpoint_reset_transfer
 .time_critical._hw_endpoint_buffer_control_update32
                0x200007ec       0x58 CMakeFiles/as608_fingerprint.dir/C_/RPP/pico-sdk/lib/tinyusb/src/portable/raspberrypi/rp2040/rp2040_usb.c.obj
                0x200007ec                _hw_endpoint_buffer_control_update32
 .time_critical.hw_endpoint_start_next_buffer
                0x20000844       0x88 CMakeFiles/as608_fingerprint.dir/C_/RPP/pico-sdk/lib/tinyusb/src/portable/raspberrypi/rp2040/rp2040_usb.c.obj
                0x20000844                hw_endpoint_start_next_buffer
 .time_critical.hw_endpoint_xfer_continue
                0x200008cc       0x50 CMakeFiles/as608_fingerprint.dir/C_/RPP/pico-sdk/lib/tinyusb/src/portable/raspberrypi/rp2040/rp2040_usb.c.obj
                0x200008cc                hw_endpoint_xfer_continue
 .time_critical.tinyusb
                0x2000091c      0x200 CMakeFiles/as608_fingerprint.dir/C_/RPP/pico-sdk/lib/tinyusb/src/device/usbd.c.obj
                0x2000091c                dcd_event_handler
 *(.text*)
 .text          0x20000b1c        0x4 c:/rpp/gcc-arm-none-eabi/bin/../lib/gcc/arm-none-eabi/10.3.1/thumb/v6-m/nofp\libgcc.a(_dvmd_tls.o)
                0x20000b1c                __aeabi_idiv0
                0x20000b1c                __aeabi_ldiv0
 .text.__stub   0x20000b20       0x90 linker stubs
                0x20000bb0                . = ALIGN (0x4)
 *(.rodata*)
                0x20000bb0                . = ALIGN (0x4)
 *(.data*)
 .data.IDlector
                0x20000bb0        0xa CMakeFiles/as608_fingerprint.dir/main.c.obj
                0x20000bb0                IDlector
 *fill*         0x20000bba        0x2 
 .data.InPasswords
                0x20000bbc        0x4 CMakeFiles/as608_fingerprint.dir/main.c.obj
                0x20000bbc                InPasswords
 .data.Inicio   0x20000bc0        0x1 CMakeFiles/as608_fingerprint.dir/main.c.obj
                0x20000bc0                Inicio
 *fill*         0x20000bc1        0x3 
 .data.hKeys    0x20000bc4        0x1 CMakeFiles/as608_fingerprint.dir/main.c.obj
                0x20000bc4                hKeys
 .data.mala     0x20000bc5        0x1 CMakeFiles/as608_fingerprint.dir/main.c.obj
                0x20000bc5                mala
 *fill*         0x20000bc6        0x2 
 .data.mensaje  0x20000bc8       0x20 CMakeFiles/as608_fingerprint.dir/main.c.obj
                0x20000bc8                mensaje
 .data.opciones
                0x20000be8        0x1 CMakeFiles/as608_fingerprint.dir/main.c.obj
                0x20000be8                opciones
 *fill*         0x20000be9        0x3 
 .data.vecIDs   0x20000bec        0x4 CMakeFiles/as608_fingerprint.dir/main.c.obj
                0x20000bec                vecIDs